Archive member included to satisfy reference by file (symbol)

c:/essential programs/stm32cubeide_1.5.0/stm32cubeide/plugins/com.st.stm32cube.ide.mcu.externaltools.gnu-tools-for-stm32.7-2018-q2-update.win32_1.5.0.202011040924/tools/bin/../lib/gcc/arm-none-eabi/7.3.1/../../../../arm-none-eabi/lib/thumb/v7e-m/fpv4-sp/hard\libc_nano.a(lib_a-errno.o)
                              Core/Src/syscalls.o (__errno)
c:/essential programs/stm32cubeide_1.5.0/stm32cubeide/plugins/com.st.stm32cube.ide.mcu.externaltools.gnu-tools-for-stm32.7-2018-q2-update.win32_1.5.0.202011040924/tools/bin/../lib/gcc/arm-none-eabi/7.3.1/../../../../arm-none-eabi/lib/thumb/v7e-m/fpv4-sp/hard\libc_nano.a(lib_a-exit.o)
                              c:/essential programs/stm32cubeide_1.5.0/stm32cubeide/plugins/com.st.stm32cube.ide.mcu.externaltools.gnu-tools-for-stm32.7-2018-q2-update.win32_1.5.0.202011040924/tools/bin/../lib/gcc/arm-none-eabi/7.3.1/../../../../arm-none-eabi/lib/thumb/v7e-m/fpv4-sp/hard/crt0.o (exit)
c:/essential programs/stm32cubeide_1.5.0/stm32cubeide/plugins/com.st.stm32cube.ide.mcu.externaltools.gnu-tools-for-stm32.7-2018-q2-update.win32_1.5.0.202011040924/tools/bin/../lib/gcc/arm-none-eabi/7.3.1/../../../../arm-none-eabi/lib/thumb/v7e-m/fpv4-sp/hard\libc_nano.a(lib_a-impure.o)
                              c:/essential programs/stm32cubeide_1.5.0/stm32cubeide/plugins/com.st.stm32cube.ide.mcu.externaltools.gnu-tools-for-stm32.7-2018-q2-update.win32_1.5.0.202011040924/tools/bin/../lib/gcc/arm-none-eabi/7.3.1/../../../../arm-none-eabi/lib/thumb/v7e-m/fpv4-sp/hard\libc_nano.a(lib_a-exit.o) (_global_impure_ptr)
c:/essential programs/stm32cubeide_1.5.0/stm32cubeide/plugins/com.st.stm32cube.ide.mcu.externaltools.gnu-tools-for-stm32.7-2018-q2-update.win32_1.5.0.202011040924/tools/bin/../lib/gcc/arm-none-eabi/7.3.1/../../../../arm-none-eabi/lib/thumb/v7e-m/fpv4-sp/hard\libc_nano.a(lib_a-init.o)
                              c:/essential programs/stm32cubeide_1.5.0/stm32cubeide/plugins/com.st.stm32cube.ide.mcu.externaltools.gnu-tools-for-stm32.7-2018-q2-update.win32_1.5.0.202011040924/tools/bin/../lib/gcc/arm-none-eabi/7.3.1/../../../../arm-none-eabi/lib/thumb/v7e-m/fpv4-sp/hard/crt0.o (__libc_init_array)
c:/essential programs/stm32cubeide_1.5.0/stm32cubeide/plugins/com.st.stm32cube.ide.mcu.externaltools.gnu-tools-for-stm32.7-2018-q2-update.win32_1.5.0.202011040924/tools/bin/../lib/gcc/arm-none-eabi/7.3.1/../../../../arm-none-eabi/lib/thumb/v7e-m/fpv4-sp/hard\libc_nano.a(lib_a-memcpy-stub.o)
                              Middlewares/Third_Party/FreeRTOS/Source/queue.o (memcpy)
c:/essential programs/stm32cubeide_1.5.0/stm32cubeide/plugins/com.st.stm32cube.ide.mcu.externaltools.gnu-tools-for-stm32.7-2018-q2-update.win32_1.5.0.202011040924/tools/bin/../lib/gcc/arm-none-eabi/7.3.1/../../../../arm-none-eabi/lib/thumb/v7e-m/fpv4-sp/hard\libc_nano.a(lib_a-memset.o)
                              c:/essential programs/stm32cubeide_1.5.0/stm32cubeide/plugins/com.st.stm32cube.ide.mcu.externaltools.gnu-tools-for-stm32.7-2018-q2-update.win32_1.5.0.202011040924/tools/bin/../lib/gcc/arm-none-eabi/7.3.1/../../../../arm-none-eabi/lib/thumb/v7e-m/fpv4-sp/hard/crt0.o (memset)
c:/essential programs/stm32cubeide_1.5.0/stm32cubeide/plugins/com.st.stm32cube.ide.mcu.externaltools.gnu-tools-for-stm32.7-2018-q2-update.win32_1.5.0.202011040924/tools/bin/../lib/gcc/arm-none-eabi/7.3.1/thumb/v7e-m/fpv4-sp/hard\libgcc.a(_arm_addsubdf3.o)
                              Core/Src/buzzer.o (__aeabi_dadd)
c:/essential programs/stm32cubeide_1.5.0/stm32cubeide/plugins/com.st.stm32cube.ide.mcu.externaltools.gnu-tools-for-stm32.7-2018-q2-update.win32_1.5.0.202011040924/tools/bin/../lib/gcc/arm-none-eabi/7.3.1/thumb/v7e-m/fpv4-sp/hard\libgcc.a(_arm_muldivdf3.o)
                              Core/Src/buzzer.o (__aeabi_dmul)
c:/essential programs/stm32cubeide_1.5.0/stm32cubeide/plugins/com.st.stm32cube.ide.mcu.externaltools.gnu-tools-for-stm32.7-2018-q2-update.win32_1.5.0.202011040924/tools/bin/../lib/gcc/arm-none-eabi/7.3.1/thumb/v7e-m/fpv4-sp/hard\libgcc.a(_arm_fixdfsi.o)
                              Core/Src/buzzer.o (__aeabi_d2iz)
c:/essential programs/stm32cubeide_1.5.0/stm32cubeide/plugins/com.st.stm32cube.ide.mcu.externaltools.gnu-tools-for-stm32.7-2018-q2-update.win32_1.5.0.202011040924/tools/bin/../lib/gcc/arm-none-eabi/7.3.1/thumb/v7e-m/fpv4-sp/hard\libgcc.a(_aeabi_uldivmod.o)
                              Drivers/STM32F4xx_HAL_Driver/Src/stm32f4xx_hal_rcc.o (__aeabi_uldivmod)
c:/essential programs/stm32cubeide_1.5.0/stm32cubeide/plugins/com.st.stm32cube.ide.mcu.externaltools.gnu-tools-for-stm32.7-2018-q2-update.win32_1.5.0.202011040924/tools/bin/../lib/gcc/arm-none-eabi/7.3.1/thumb/v7e-m/fpv4-sp/hard\libgcc.a(_udivmoddi4.o)
[...]
Memory Configuration

Name             Origin             Length             Attributes
CCMRAM           0x0000000010000000 0x0000000000010000 xrw
RAM              0x0000000020000000 0x0000000000030000 xrw
FLASH            0x0000000008000000 0x0000000000200000 xr
*default*        0x0000000000000000 0xffffffffffffffff

Linker script and memory map

LOAD c:/essential programs/stm32cubeide_1.5.0/stm32cubeide/plugins/com.st.stm32cube.ide.mcu.externaltools.gnu-tools-for-stm32.7-2018-q2-update.win32_1.5.0.202011040924/tools/bin/../lib/gcc/arm-none-eabi/7.3.1/thumb/v7e-m/fpv4-sp/hard/crti.o
LOAD c:/essential programs/stm32cubeide_1.5.0/stm32cubeide/plugins/com.st.stm32cube.ide.mcu.externaltools.gnu-tools-for-stm32.7-2018-q2-update.win32_1.5.0.202011040924/tools/bin/../lib/gcc/arm-none-eabi/7.3.1/thumb/v7e-m/fpv4-sp/hard/crtbegin.o
LOAD c:/essential programs/stm32cubeide_1.5.0/stm32cubeide/plugins/com.st.stm32cube.ide.mcu.externaltools.gnu-tools-for-stm32.7-2018-q2-update.win32_1.5.0.202011040924/tools/bin/../lib/gcc/arm-none-eabi/7.3.1/../../../../arm-none-eabi/lib/thumb/v7e-m/fpv4-sp/hard/crt0.o
LOAD Core/Src/Applications/Chassis_App.o
LOAD Core/Src/Applications/Gimbal_App.o
LOAD Core/Src/Applications/Shoot_App.o
LOAD Core/Src/buzzer.o
LOAD Core/Src/freertos.o
LOAD Core/Src/main.o
LOAD Core/Src/stm32f4xx_hal_msp.o
LOAD Core/Src/stm32f4xx_hal_timebase_tim.o
LOAD Core/Src/stm32f4xx_it.o
LOAD Core/Src/syscalls.o
LOAD Core/Src/sysmem.o
LOAD Core/Src/system_stm32f4xx.o
LOAD Core/Startup/startup_stm32f427iihx.o
LOAD Drivers/STM32F4xx_HAL_Driver/Src/stm32f4xx_hal.o
LOAD Drivers/STM32F4xx_HAL_Driver/Src/stm32f4xx_hal_can.o
LOAD Drivers/STM32F4xx_HAL_Driver/Src/stm32f4xx_hal_cortex.o
LOAD Drivers/STM32F4xx_HAL_Driver/Src/stm32f4xx_hal_dma.o
LOAD Drivers/STM32F4xx_HAL_Driver/Src/stm32f4xx_hal_dma_ex.o
LOAD Drivers/STM32F4xx_HAL_Driver/Src/stm32f4xx_hal_exti.o
LOAD Drivers/STM32F4xx_HAL_Driver/Src/stm32f4xx_hal_flash.o
LOAD Drivers/STM32F4xx_HAL_Driver/Src/stm32f4xx_hal_flash_ex.o
LOAD Drivers/STM32F4xx_HAL_Driver/Src/stm32f4xx_hal_flash_ramfunc.o
LOAD Drivers/STM32F4xx_HAL_Driver/Src/stm32f4xx_hal_gpio.o
LOAD Drivers/STM32F4xx_HAL_Driver/Src/stm32f4xx_hal_pwr.o
LOAD Drivers/STM32F4xx_HAL_Driver/Src/stm32f4xx_hal_pwr_ex.o
LOAD Drivers/STM32F4xx_HAL_Driver/Src/stm32f4xx_hal_rcc.o
LOAD Drivers/STM32F4xx_HAL_Driver/Src/stm32f4xx_hal_rcc_ex.o
LOAD Drivers/STM32F4xx_HAL_Driver/Src/stm32f4xx_hal_tim.o
LOAD Drivers/STM32F4xx_HAL_Driver/Src/stm32f4xx_hal_tim_ex.o
LOAD Middlewares/Third_Party/FreeRTOS/Source/CMSIS_RTOS/cmsis_os.o
LOAD Middlewares/Third_Party/FreeRTOS/Source/croutine.o
LOAD Middlewares/Third_Party/FreeRTOS/Source/event_groups.o
LOAD Middlewares/Third_Party/FreeRTOS/Source/list.o
LOAD Middlewares/Third_Party/FreeRTOS/Source/queue.o
LOAD Middlewares/Third_Party/FreeRTOS/Source/stream_buffer.o
LOAD Middlewares/Third_Party/FreeRTOS/Source/tasks.o
LOAD Middlewares/Third_Party/FreeRTOS/Source/timers.o
LOAD Middlewares/Third_Party/FreeRTOS/Source/portable/GCC/ARM_CM4F/port.o
LOAD Middlewares/Third_Party/FreeRTOS/Source/portable/MemMang/heap_4.o
START GROUP
LOAD c:/essential programs/stm32cubeide_1.5.0/stm32cubeide/plugins/com.st.stm32cube.ide.mcu.externaltools.gnu-tools-for-stm32.7-2018-q2-update.win32_1.5.0.202011040924/tools/bin/../lib/gcc/arm-none-eabi/7.3.1/../../../../arm-none-eabi/lib/thumb/v7e-m/fpv4-sp/hard\libc_nano.a
LOAD c:/essential programs/stm32cubeide_1.5.0/stm32cubeide/plugins/com.st.stm32cube.ide.mcu.externaltools.gnu-tools-for-stm32.7-2018-q2-update.win32_1.5.0.202011040924/tools/bin/../lib/gcc/arm-none-eabi/7.3.1/../../../../arm-none-eabi/lib/thumb/v7e-m/fpv4-sp/hard\libm.a
END GROUP
START GROUP
LOAD c:/essential programs/stm32cubeide_1.5.0/stm32cubeide/plugins/com.st.stm32cube.ide.mcu.externaltools.gnu-tools-for-stm32.7-2018-q2-update.win32_1.5.0.202011040924/tools/bin/../lib/gcc/arm-none-eabi/7.3.1/thumb/v7e-m/fpv4-sp/hard\libgcc.a
LOAD c:/essential programs/stm32cubeide_1.5.0/stm32cubeide/plugins/com.st.stm32cube.ide.mcu.externaltools.gnu-tools-for-stm32.7-2018-q2-update.win32_1.5.0.202011040924/tools/bin/../lib/gcc/arm-none-eabi/7.3.1/../../../../arm-none-eabi/lib/thumb/v7e-m/fpv4-sp/hard\libc_nano.a
END GROUP
START GROUP
LOAD c:/essential programs/stm32cubeide_1.5.0/stm32cubeide/plugins/com.st.stm32cube.ide.mcu.externaltools.gnu-tools-for-stm32.7-2018-q2-update.win32_1.5.0.202011040924/tools/bin/../lib/gcc/arm-none-eabi/7.3.1/thumb/v7e-m/fpv4-sp/hard\libgcc.a
LOAD c:/essential programs/stm32cubeide_1.5.0/stm32cubeide/plugins/com.st.stm32cube.ide.mcu.externaltools.gnu-tools-for-stm32.7-2018-q2-update.win32_1.5.0.202011040924/tools/bin/../lib/gcc/arm-none-eabi/7.3.1/../../../../arm-none-eabi/lib/thumb/v7e-m/fpv4-sp/hard\libc_nano.a
LOAD c:/essential programs/stm32cubeide_1.5.0/stm32cubeide/plugins/com.st.stm32cube.ide.mcu.externaltools.gnu-tools-for-stm32.7-2018-q2-update.win32_1.5.0.202011040924/tools/bin/../lib/gcc/arm-none-eabi/7.3.1/../../../../arm-none-eabi/lib/thumb/v7e-m/fpv4-sp/hard\libnosys.a
END GROUP
START GROUP
LOAD c:/essential programs/stm32cubeide_1.5.0/stm32cubeide/plugins/com.st.stm32cube.ide.mcu.externaltools.gnu-tools-for-stm32.7-2018-q2-update.win32_1.5.0.202011040924/tools/bin/../lib/gcc/arm-none-eabi/7.3.1/thumb/v7e-m/fpv4-sp/hard\libgcc.a
LOAD c:/essential programs/stm32cubeide_1.5.0/stm32cubeide/plugins/com.st.stm32cube.ide.mcu.externaltools.gnu-tools-for-stm32.7-2018-q2-update.win32_1.5.0.202011040924/tools/bin/../lib/gcc/arm-none-eabi/7.3.1/../../../../arm-none-eabi/lib/thumb/v7e-m/fpv4-sp/hard\libc_nano.a
LOAD c:/essential programs/stm32cubeide_1.5.0/stm32cubeide/plugins/com.st.stm32cube.ide.mcu.externaltools.gnu-tools-for-stm32.7-2018-q2-update.win32_1.5.0.202011040924/tools/bin/../lib/gcc/arm-none-eabi/7.3.1/../../../../arm-none-eabi/lib/thumb/v7e-m/fpv4-sp/hard\libnosys.a
END GROUP
LOAD c:/essential programs/stm32cubeide_1.5.0/stm32cubeide/plugins/com.st.stm32cube.ide.mcu.externaltools.gnu-tools-for-stm32.7-2018-q2-update.win32_1.5.0.202011040924/tools/bin/../lib/gcc/arm-none-eabi/7.3.1/thumb/v7e-m/fpv4-sp/hard/crtend.o
LOAD c:/essential programs/stm32cubeide_1.5.0/stm32cubeide/plugins/com.st.stm32cube.ide.mcu.externaltools.gnu-tools-for-stm32.7-2018-q2-update.win32_1.5.0.202011040924/tools/bin/../lib/gcc/arm-none-eabi/7.3.1/thumb/v7e-m/fpv4-sp/hard/crtn.o
                0x0000000020030000                _estack = (ORIGIN (RAM) + LENGTH (RAM))
                0x0000000000000200                _Min_Heap_Size = 0x200
                0x0000000000000400                _Min_Stack_Size = 0x400

.isr_vector     0x0000000008000000      0x1ac
                0x0000000008000000                . = ALIGN (0x4)
 *(.isr_vector)
 .isr_vector    0x0000000008000000      0x1ac Core/Startup/startup_stm32f427iihx.o
                0x0000000008000000                g_pfnVectors
                0x00000000080001ac                . = ALIGN (0x4)

.text           0x00000000080001b0     0x4e90
                0x00000000080001b0                . = ALIGN (0x4)
 *(.text)
 .text          0x00000000080001b0       0x40 c:/essential programs/stm32cubeide_1.5.0/stm32cubeide/plugins/com.st.stm32cube.ide.mcu.externaltools.gnu-tools-for-stm32.7-2018-q2-update.win32_1.5.0.202011040924/tools/bin/../lib/gcc/arm-none-eabi/7.3.1/thumb/v7e-m/fpv4-sp/hard/crtbegin.o
 .text          0x00000000080001f0      0x378 c:/essential programs/stm32cubeide_1.5.0/stm32cubeide/plugins/com.st.stm32cube.ide.mcu.externaltools.gnu-tools-for-stm32.7-2018-q2-update.win32_1.5.0.202011040924/tools/bin/../lib/gcc/arm-none-eabi/7.3.1/thumb/v7e-m/fpv4-sp/hard\libgcc.a(_arm_addsubdf3.o)
                0x00000000080001f0                __aeabi_drsub
                0x00000000080001f8                __aeabi_dsub
                0x00000000080001f8                __subdf3
                0x00000000080001fc                __aeabi_dadd
                0x00000000080001fc                __adddf3
                0x0000000008000474                __floatunsidf
                0x0000000008000474                __aeabi_ui2d
                0x0000000008000494                __floatsidf
                0x0000000008000494                __aeabi_i2d
                0x00000000080004b8                __aeabi_f2d
                0x00000000080004b8                __extendsfdf2
                0x00000000080004fc                __floatundidf
                0x00000000080004fc                __aeabi_ul2d
                0x000000000800050c                __floatdidf
                0x000000000800050c                __aeabi_l2d
 .text          0x0000000008000568      0x424 c:/essential programs/stm32cubeide_1.5.0/stm32cubeide/plugins/com.st.stm32cube.ide.mcu.externaltools.gnu-tools-for-stm32.7-2018-q2-update.win32_1.5.0.202011040924/tools/bin/../lib/gcc/arm-none-eabi/7.3.1/thumb/v7e-m/fpv4-sp/hard\libgcc.a(_arm_muldivdf3.o)
                0x0000000008000568                __aeabi_dmul
                0x0000000008000568                __muldf3
                0x00000000080007bc                __divdf3
                0x00000000080007bc                __aeabi_ddiv
 .text          0x000000000800098c       0x50 c:/essential programs/stm32cubeide_1.5.0/stm32cubeide/plugins/com.st.stm32cube.ide.mcu.externaltools.gnu-tools-for-stm32.7-2018-q2-update.win32_1.5.0.202011040924/tools/bin/../lib/gcc/arm-none-eabi/7.3.1/thumb/v7e-m/fpv4-sp/hard\libgcc.a(_arm_fixdfsi.o)
                0x000000000800098c                __aeabi_d2iz
                0x000000000800098c                __fixdfsi
 .text          0x00000000080009dc       0x30 c:/essential programs/stm32cubeide_1.5.0/stm32cubeide/plugins/com.st.stm32cube.ide.mcu.externaltools.gnu-tools-for-stm32.7-2018-q2-update.win32_1.5.0.202011040924/tools/bin/../lib/gcc/arm-none-eabi/7.3.1/thumb/v7e-m/fpv4-sp/hard\libgcc.a(_aeabi_uldivmod.o)
                0x00000000080009dc                __aeabi_uldivmod
 .text          0x0000000008000a0c      0x2cc c:/essential programs/stm32cubeide_1.5.0/stm32cubeide/plugins/com.st.stm32cube.ide.mcu.externaltools.gnu-tools-for-stm32.7-2018-q2-update.win32_1.5.0.202011040924/tools/bin/../lib/gcc/arm-none-eabi/7.3.1/thumb/v7e-m/fpv4-sp/hard\libgcc.a(_udivmoddi4.o)
                0x0000000008000a0c                __udivmoddi4
 .text          0x0000000008000cd8        0x4 c:/essential programs/stm32cubeide_1.5.0/stm32cubeide/plugins/com.st.stm32cube.ide.mcu.externaltools.gnu-tools-for-stm32.7-2018-q2-update.win32_1.5.0.202011040924/tools/bin/../lib/gcc/arm-none-eabi/7.3.1/thumb/v7e-m/fpv4-sp/hard\libgcc.a(_dvmd_tls.o)
                0x0000000008000cd8                __aeabi_idiv0
                0x0000000008000cd8                __aeabi_ldiv0
 *(.text*)
 .text.Chassis_Task_Func
                0x0000000008000cdc       0x24 Core/Src/Applications/Chassis_App.o
                0x0000000008000cdc                Chassis_Task_Func
 .text.Gimbal_Task_Function
                0x0000000008000d00       0x30 Core/Src/Applications/Gimbal_App.o
                0x0000000008000d00                Gimbal_Task_Function
 .text.Shoot_Task_Func
                0x0000000008000d30       0x44 Core/Src/Applications/Shoot_App.o
                0x0000000008000d30                Shoot_Task_Func
 .text.shoot_init
                0x0000000008000d74       0x54 Core/Src/Applications/Shoot_App.o
                0x0000000008000d74                shoot_init
 .text.buzzer_init
                0x0000000008000dc8       0x14 Core/Src/buzzer.o
                0x0000000008000dc8                buzzer_init
 .text.buzzer_play_c1
                0x0000000008000ddc       0x48 Core/Src/buzzer.o
                0x0000000008000ddc                buzzer_play_c1
 .text.buzzer_play_cs1
                0x0000000008000e24       0x48 Core/Src/buzzer.o
                0x0000000008000e24                buzzer_play_cs1
 .text.buzzer_play_d1
                0x0000000008000e6c       0x48 Core/Src/buzzer.o
                0x0000000008000e6c                buzzer_play_d1
 .text.buzzer_play_ds1
                0x0000000008000eb4       0x48 Core/Src/buzzer.o
                0x0000000008000eb4                buzzer_play_ds1
 .text.buzzer_play_e1
                0x0000000008000efc       0x48 Core/Src/buzzer.o
                0x0000000008000efc                buzzer_play_e1
 .text.buzzer_play_f1
                0x0000000008000f44       0x48 Core/Src/buzzer.o
                0x0000000008000f44                buzzer_play_f1
 .text.buzzer_play_fs1
                0x0000000008000f8c       0x48 Core/Src/buzzer.o
                0x0000000008000f8c                buzzer_play_fs1
 .text.buzzer_play_g1
                0x0000000008000fd4       0x48 Core/Src/buzzer.o
                0x0000000008000fd4                buzzer_play_g1
 .text.buzzer_play_gs1
                0x000000000800101c       0x48 Core/Src/buzzer.o
                0x000000000800101c                buzzer_play_gs1
 .text.buzzer_play_a1
                0x0000000008001064       0x48 Core/Src/buzzer.o
                0x0000000008001064                buzzer_play_a1
 .text.buzzer_play_as1
                0x00000000080010ac       0x48 Core/Src/buzzer.o
                0x00000000080010ac                buzzer_play_as1
 .text.buzzer_play_b1
                0x00000000080010f4       0x48 Core/Src/buzzer.o
                0x00000000080010f4                buzzer_play_b1
 .text.buzzer_play_c2
                0x000000000800113c       0x48 Core/Src/buzzer.o
                0x000000000800113c                buzzer_play_c2
 .text.buzzer_play_d2
                0x0000000008001184       0x48 Core/Src/buzzer.o
                0x0000000008001184                buzzer_play_d2
 .text.buzzer_play_chromatic
                0x00000000080011cc       0x5e Core/Src/buzzer.o
                0x00000000080011cc                buzzer_play_chromatic
 *fill*         0x000000000800122a        0x2 
 .text.buzzer_play_o_canada
                0x000000000800122c      0x330 Core/Src/buzzer.o
                0x000000000800122c                buzzer_play_o_canada
 .text.vApplicationGetIdleTaskMemory
                0x000000000800155c       0x34 Core/Src/freertos.o
                0x000000000800155c                vApplicationGetIdleTaskMemory
 .text.main     0x0000000008001590       0xe0 Core/Src/main.o
                0x0000000008001590                main
 .text.SystemClock_Config
                0x0000000008001670       0xd4 Core/Src/main.o
                0x0000000008001670                SystemClock_Config
 .text.MX_CAN1_Init
                0x0000000008001744       0x6c Core/Src/main.o
 .text.MX_CAN2_Init
                0x00000000080017b0       0x68 Core/Src/main.o
 .text.MX_TIM4_Init
                0x0000000008001818       0xcc Core/Src/main.o
 .text.MX_TIM12_Init
                0x00000000080018e4       0x8c Core/Src/main.o
 .text.MX_GPIO_Init
                0x0000000008001970      0x17c Core/Src/main.o
 .text.StartDefaultTask
                0x0000000008001aec       0x10 Core/Src/main.o
                0x0000000008001aec                StartDefaultTask
 .text.HAL_TIM_PeriodElapsedCallback
                0x0000000008001afc       0x24 Core/Src/main.o
                0x0000000008001afc                HAL_TIM_PeriodElapsedCallback
 .text.Error_Handler
                0x0000000008001b20        0x8 Core/Src/main.o
                0x0000000008001b20                Error_Handler
 .text.HAL_MspInit
                0x0000000008001b28       0x58 Core/Src/stm32f4xx_hal_msp.o
                0x0000000008001b28                HAL_MspInit
 .text.HAL_CAN_MspInit
                0x0000000008001b80      0x140 Core/Src/stm32f4xx_hal_msp.o
                0x0000000008001b80                HAL_CAN_MspInit
 .text.HAL_TIM_PWM_MspInit
                0x0000000008001cc0       0x70 Core/Src/stm32f4xx_hal_msp.o
                0x0000000008001cc0                HAL_TIM_PWM_MspInit
 .text.HAL_TIM_MspPostInit
                0x0000000008001d30       0xc4 Core/Src/stm32f4xx_hal_msp.o
                0x0000000008001d30                HAL_TIM_MspPostInit
 .text.HAL_InitTick
                0x0000000008001df4       0xb4 Core/Src/stm32f4xx_hal_timebase_tim.o
                0x0000000008001df4                HAL_InitTick
 .text.NMI_Handler
                0x0000000008001ea8        0x6 Core/Src/stm32f4xx_it.o
                0x0000000008001ea8                NMI_Handler
 .text.HardFault_Handler
                0x0000000008001eae        0x6 Core/Src/stm32f4xx_it.o
                0x0000000008001eae                HardFault_Handler
 .text.MemManage_Handler
                0x0000000008001eb4        0x6 Core/Src/stm32f4xx_it.o
                0x0000000008001eb4                MemManage_Handler
 .text.BusFault_Handler
                0x0000000008001eba        0x6 Core/Src/stm32f4xx_it.o
                0x0000000008001eba                BusFault_Handler
 .text.UsageFault_Handler
                0x0000000008001ec0        0x6 Core/Src/stm32f4xx_it.o
                0x0000000008001ec0                UsageFault_Handler
 .text.DebugMon_Handler
                0x0000000008001ec6        0xe Core/Src/stm32f4xx_it.o
                0x0000000008001ec6                DebugMon_Handler
 .text.TIM5_IRQHandler
                0x0000000008001ed4       0x14 Core/Src/stm32f4xx_it.o
                0x0000000008001ed4                TIM5_IRQHandler
 .text.SystemInit
                0x0000000008001ee8       0x2c Core/Src/system_stm32f4xx.o
                0x0000000008001ee8                SystemInit
 .text.Reset_Handler
                0x0000000008001f14       0x50 Core/Startup/startup_stm32f427iihx.o
                0x0000000008001f14                Reset_Handler
 .text.Default_Handler
                0x0000000008001f64        0x2 Core/Startup/startup_stm32f427iihx.o
                0x0000000008001f64                RTC_Alarm_IRQHandler
                0x0000000008001f64                HASH_RNG_IRQHandler
                0x0000000008001f64                EXTI2_IRQHandler
                0x0000000008001f64                TIM8_CC_IRQHandler
                0x0000000008001f64                UART8_IRQHandler
                0x0000000008001f64                SPI4_IRQHandler
                0x0000000008001f64                TIM1_CC_IRQHandler
                0x0000000008001f64                DMA2_Stream5_IRQHandler
                0x0000000008001f64                DMA1_Stream5_IRQHandler
                0x0000000008001f64                PVD_IRQHandler
                0x0000000008001f64                SDIO_IRQHandler
                0x0000000008001f64                TAMP_STAMP_IRQHandler
                0x0000000008001f64                CAN2_RX1_IRQHandler
                0x0000000008001f64                EXTI3_IRQHandler
                0x0000000008001f64                TIM8_TRG_COM_TIM14_IRQHandler
                0x0000000008001f64                TIM1_UP_TIM10_IRQHandler
                0x0000000008001f64                TIM8_UP_TIM13_IRQHandler
                0x0000000008001f64                I2C3_ER_IRQHandler
                0x0000000008001f64                EXTI0_IRQHandler
                0x0000000008001f64                I2C2_EV_IRQHandler
                0x0000000008001f64                DMA1_Stream2_IRQHandler
                0x0000000008001f64                CAN1_RX0_IRQHandler
                0x0000000008001f64                FPU_IRQHandler
                0x0000000008001f64                OTG_HS_WKUP_IRQHandler
                0x0000000008001f64                CAN2_SCE_IRQHandler
                0x0000000008001f64                DMA2_Stream2_IRQHandler
                0x0000000008001f64                SPI1_IRQHandler
                0x0000000008001f64                TIM6_DAC_IRQHandler
                0x0000000008001f64                TIM1_BRK_TIM9_IRQHandler
                0x0000000008001f64                DCMI_IRQHandler
                0x0000000008001f64                CAN2_RX0_IRQHandler
                0x0000000008001f64                DMA2_Stream3_IRQHandler
                0x0000000008001f64                USART6_IRQHandler
                0x0000000008001f64                USART3_IRQHandler
                0x0000000008001f64                CAN1_RX1_IRQHandler
                0x0000000008001f64                UART5_IRQHandler
                0x0000000008001f64                DMA2_Stream0_IRQHandler
                0x0000000008001f64                TIM4_IRQHandler
                0x0000000008001f64                I2C1_EV_IRQHandler
                0x0000000008001f64                DMA1_Stream6_IRQHandler
                0x0000000008001f64                DMA1_Stream1_IRQHandler
                0x0000000008001f64                UART4_IRQHandler
                0x0000000008001f64                TIM3_IRQHandler
                0x0000000008001f64                RCC_IRQHandler
                0x0000000008001f64                TIM8_BRK_TIM12_IRQHandler
                0x0000000008001f64                Default_Handler
                0x0000000008001f64                EXTI15_10_IRQHandler
                0x0000000008001f64                ADC_IRQHandler
                0x0000000008001f64                DMA1_Stream7_IRQHandler
                0x0000000008001f64                SPI5_IRQHandler
                0x0000000008001f64                TIM7_IRQHandler
                0x0000000008001f64                CAN2_TX_IRQHandler
                0x0000000008001f64                DMA2_Stream7_IRQHandler
                0x0000000008001f64                I2C3_EV_IRQHandler
                0x0000000008001f64                EXTI9_5_IRQHandler
                0x0000000008001f64                RTC_WKUP_IRQHandler
                0x0000000008001f64                ETH_WKUP_IRQHandler
                0x0000000008001f64                SPI2_IRQHandler
                0x0000000008001f64                OTG_HS_EP1_IN_IRQHandler
                0x0000000008001f64                DMA1_Stream0_IRQHandler
                0x0000000008001f64                CAN1_TX_IRQHandler
                0x0000000008001f64                EXTI4_IRQHandler
                0x0000000008001f64                ETH_IRQHandler
                0x0000000008001f64                OTG_HS_EP1_OUT_IRQHandler
                0x0000000008001f64                WWDG_IRQHandler
                0x0000000008001f64                SPI6_IRQHandler
                0x0000000008001f64                TIM2_IRQHandler
                0x0000000008001f64                OTG_FS_WKUP_IRQHandler
                0x0000000008001f64                TIM1_TRG_COM_TIM11_IRQHandler
                0x0000000008001f64                OTG_HS_IRQHandler
                0x0000000008001f64                DMA2D_IRQHandler
                0x0000000008001f64                EXTI1_IRQHandler
                0x0000000008001f64                UART7_IRQHandler
                0x0000000008001f64                USART2_IRQHandler
                0x0000000008001f64                I2C2_ER_IRQHandler
                0x0000000008001f64                DMA2_Stream1_IRQHandler
                0x0000000008001f64                CAN1_SCE_IRQHandler
                0x0000000008001f64                FLASH_IRQHandler
                0x0000000008001f64                DMA2_Stream4_IRQHandler
                0x0000000008001f64                USART1_IRQHandler
                0x0000000008001f64                OTG_FS_IRQHandler
                0x0000000008001f64                SPI3_IRQHandler
                0x0000000008001f64                DMA1_Stream4_IRQHandler
                0x0000000008001f64                I2C1_ER_IRQHandler
                0x0000000008001f64                FMC_IRQHandler
                0x0000000008001f64                DMA2_Stream6_IRQHandler
                0x0000000008001f64                SAI1_IRQHandler
                0x0000000008001f64                DMA1_Stream3_IRQHandler
 *fill*         0x0000000008001f66        0x2 
 .text.HAL_Init
                0x0000000008001f68       0x44 Drivers/STM32F4xx_HAL_Driver/Src/stm32f4xx_hal.o
                0x0000000008001f68                HAL_Init
 .text.HAL_IncTick
                0x0000000008001fac       0x28 Drivers/STM32F4xx_HAL_Driver/Src/stm32f4xx_hal.o
                0x0000000008001fac                HAL_IncTick
 .text.HAL_GetTick
                0x0000000008001fd4       0x18 Drivers/STM32F4xx_HAL_Driver/Src/stm32f4xx_hal.o
                0x0000000008001fd4                HAL_GetTick
 .text.HAL_CAN_Init
                0x0000000008001fec      0x1f6 Drivers/STM32F4xx_HAL_Driver/Src/stm32f4xx_hal_can.o
                0x0000000008001fec                HAL_CAN_Init
 *fill*         0x00000000080021e2        0x2 
 .text.__NVIC_SetPriorityGrouping
                0x00000000080021e4       0x48 Drivers/STM32F4xx_HAL_Driver/Src/stm32f4xx_hal_cortex.o
 .text.__NVIC_GetPriorityGrouping
                0x000000000800222c       0x1c Drivers/STM32F4xx_HAL_Driver/Src/stm32f4xx_hal_cortex.o
 .text.__NVIC_EnableIRQ
                0x0000000008002248       0x3c Drivers/STM32F4xx_HAL_Driver/Src/stm32f4xx_hal_cortex.o
 .text.__NVIC_SetPriority
                0x0000000008002284       0x54 Drivers/STM32F4xx_HAL_Driver/Src/stm32f4xx_hal_cortex.o
 .text.NVIC_EncodePriority
                0x00000000080022d8       0x66 Drivers/STM32F4xx_HAL_Driver/Src/stm32f4xx_hal_cortex.o
 .text.HAL_NVIC_SetPriorityGrouping
                0x000000000800233e       0x16 Drivers/STM32F4xx_HAL_Driver/Src/stm32f4xx_hal_cortex.o
                0x000000000800233e                HAL_NVIC_SetPriorityGrouping
 .text.HAL_NVIC_SetPriority
                0x0000000008002354       0x38 Drivers/STM32F4xx_HAL_Driver/Src/stm32f4xx_hal_cortex.o
                0x0000000008002354                HAL_NVIC_SetPriority
 .text.HAL_NVIC_EnableIRQ
                0x000000000800238c       0x1c Drivers/STM32F4xx_HAL_Driver/Src/stm32f4xx_hal_cortex.o
                0x000000000800238c                HAL_NVIC_EnableIRQ
 .text.HAL_GPIO_Init
                0x00000000080023a8      0x354 Drivers/STM32F4xx_HAL_Driver/Src/stm32f4xx_hal_gpio.o
                0x00000000080023a8                HAL_GPIO_Init
 .text.HAL_GPIO_WritePin
                0x00000000080026fc       0x32 Drivers/STM32F4xx_HAL_Driver/Src/stm32f4xx_hal_gpio.o
                0x00000000080026fc                HAL_GPIO_WritePin
 .text.HAL_GPIO_TogglePin
                0x000000000800272e       0x36 Drivers/STM32F4xx_HAL_Driver/Src/stm32f4xx_hal_gpio.o
                0x000000000800272e                HAL_GPIO_TogglePin
 .text.HAL_RCC_OscConfig
                0x0000000008002764      0x4e0 Drivers/STM32F4xx_HAL_Driver/Src/stm32f4xx_hal_rcc.o
                0x0000000008002764                HAL_RCC_OscConfig
 .text.HAL_RCC_ClockConfig
                0x0000000008002c44      0x1cc Drivers/STM32F4xx_HAL_Driver/Src/stm32f4xx_hal_rcc.o
                0x0000000008002c44                HAL_RCC_ClockConfig
 .text.HAL_RCC_GetSysClockFreq
                0x0000000008002e10      0x164 Drivers/STM32F4xx_HAL_Driver/Src/stm32f4xx_hal_rcc.o
                0x0000000008002e10                HAL_RCC_GetSysClockFreq
 .text.HAL_RCC_GetHCLKFreq
                0x0000000008002f74       0x18 Drivers/STM32F4xx_HAL_Driver/Src/stm32f4xx_hal_rcc.o
                0x0000000008002f74                HAL_RCC_GetHCLKFreq
 .text.HAL_RCC_GetPCLK1Freq
                0x0000000008002f8c       0x28 Drivers/STM32F4xx_HAL_Driver/Src/stm32f4xx_hal_rcc.o
                0x0000000008002f8c                HAL_RCC_GetPCLK1Freq
 .text.HAL_RCC_GetClockConfig
                0x0000000008002fb4       0x64 Drivers/STM32F4xx_HAL_Driver/Src/stm32f4xx_hal_rcc.o
                0x0000000008002fb4                HAL_RCC_GetClockConfig
 .text.HAL_TIM_Base_Init
                0x0000000008003018       0x56 Drivers/STM32F4xx_HAL_Driver/Src/stm32f4xx_hal_tim.o
                0x0000000008003018                HAL_TIM_Base_Init
 .text.HAL_TIM_Base_MspInit
                0x000000000800306e       0x14 Drivers/STM32F4xx_HAL_Driver/Src/stm32f4xx_hal_tim.o
                0x000000000800306e                HAL_TIM_Base_MspInit
 .text.HAL_TIM_Base_Start_IT
                0x0000000008003082       0x48 Drivers/STM32F4xx_HAL_Driver/Src/stm32f4xx_hal_tim.o
                0x0000000008003082                HAL_TIM_Base_Start_IT
 .text.HAL_TIM_PWM_Init
                0x00000000080030ca       0x56 Drivers/STM32F4xx_HAL_Driver/Src/stm32f4xx_hal_tim.o
                0x00000000080030ca                HAL_TIM_PWM_Init
 .text.HAL_TIM_PWM_Start
                0x0000000008003120       0x7c Drivers/STM32F4xx_HAL_Driver/Src/stm32f4xx_hal_tim.o
                0x0000000008003120                HAL_TIM_PWM_Start
 .text.HAL_TIM_IRQHandler
                0x000000000800319c      0x210 Drivers/STM32F4xx_HAL_Driver/Src/stm32f4xx_hal_tim.o
                0x000000000800319c                HAL_TIM_IRQHandler
 .text.HAL_TIM_PWM_ConfigChannel
                0x00000000080033ac      0x18c Drivers/STM32F4xx_HAL_Driver/Src/stm32f4xx_hal_tim.o
                0x00000000080033ac                HAL_TIM_PWM_ConfigChannel
 .text.HAL_TIM_OC_DelayElapsedCallback
                0x0000000008003538       0x14 Drivers/STM32F4xx_HAL_Driver/Src/stm32f4xx_hal_tim.o
                0x0000000008003538                HAL_TIM_OC_DelayElapsedCallback
 .text.HAL_TIM_IC_CaptureCallback
                0x000000000800354c       0x14 Drivers/STM32F4xx_HAL_Driver/Src/stm32f4xx_hal_tim.o
                0x000000000800354c                HAL_TIM_IC_CaptureCallback
 .text.HAL_TIM_PWM_PulseFinishedCallback
                0x0000000008003560       0x14 Drivers/STM32F4xx_HAL_Driver/Src/stm32f4xx_hal_tim.o
                0x0000000008003560                HAL_TIM_PWM_PulseFinishedCallback
 .text.HAL_TIM_TriggerCallback
                0x0000000008003574       0x14 Drivers/STM32F4xx_HAL_Driver/Src/stm32f4xx_hal_tim.o
                0x0000000008003574                HAL_TIM_TriggerCallback
 .text.TIM_Base_SetConfig
                0x0000000008003588      0x140 Drivers/STM32F4xx_HAL_Driver/Src/stm32f4xx_hal_tim.o
                0x0000000008003588                TIM_Base_SetConfig
 .text.TIM_OC1_SetConfig
                0x00000000080036c8       0xe0 Drivers/STM32F4xx_HAL_Driver/Src/stm32f4xx_hal_tim.o
 .text.TIM_OC2_SetConfig
                0x00000000080037a8       0xec Drivers/STM32F4xx_HAL_Driver/Src/stm32f4xx_hal_tim.o
                0x00000000080037a8                TIM_OC2_SetConfig
 .text.TIM_OC3_SetConfig
                0x0000000008003894       0xe8 Drivers/STM32F4xx_HAL_Driver/Src/stm32f4xx_hal_tim.o
 .text.TIM_OC4_SetConfig
                0x000000000800397c       0xac Drivers/STM32F4xx_HAL_Driver/Src/stm32f4xx_hal_tim.o
 .text.TIM_CCxChannelCmd
                0x0000000008003a28       0x4a Drivers/STM32F4xx_HAL_Driver/Src/stm32f4xx_hal_tim.o
                0x0000000008003a28                TIM_CCxChannelCmd
 *fill*         0x0000000008003a72        0x2 
 .text.HAL_TIMEx_MasterConfigSynchronization
                0x0000000008003a74       0xf8 Drivers/STM32F4xx_HAL_Driver/Src/stm32f4xx_hal_tim_ex.o
                0x0000000008003a74                HAL_TIMEx_MasterConfigSynchronization
 .text.HAL_TIMEx_CommutCallback
                0x0000000008003b6c       0x14 Drivers/STM32F4xx_HAL_Driver/Src/stm32f4xx_hal_tim_ex.o
                0x0000000008003b6c                HAL_TIMEx_CommutCallback
 .text.HAL_TIMEx_BreakCallback
                0x0000000008003b80       0x14 Drivers/STM32F4xx_HAL_Driver/Src/stm32f4xx_hal_tim_ex.o
                0x0000000008003b80                HAL_TIMEx_BreakCallback
 .text.makeFreeRtosPriority
                0x0000000008003b94       0x30 Middlewares/Third_Party/FreeRTOS/Source/CMSIS_RTOS/cmsis_os.o
 .text.osKernelStart
                0x0000000008003bc4        0xe Middlewares/Third_Party/FreeRTOS/Source/CMSIS_RTOS/cmsis_os.o
                0x0000000008003bc4                osKernelStart
 .text.osThreadCreate
                0x0000000008003bd2       0x98 Middlewares/Third_Party/FreeRTOS/Source/CMSIS_RTOS/cmsis_os.o
                0x0000000008003bd2                osThreadCreate
 .text.osDelay  0x0000000008003c6a       0x28 Middlewares/Third_Party/FreeRTOS/Source/CMSIS_RTOS/cmsis_os.o
                0x0000000008003c6a                osDelay
 .text.vListInitialise
                0x0000000008003c92       0x40 Middlewares/Third_Party/FreeRTOS/Source/list.o
                0x0000000008003c92                vListInitialise
 .text.vListInitialiseItem
                0x0000000008003cd2       0x1a Middlewares/Third_Party/FreeRTOS/Source/list.o
                0x0000000008003cd2                vListInitialiseItem
 .text.vListInsertEnd
                0x0000000008003cec       0x48 Middlewares/Third_Party/FreeRTOS/Source/list.o
                0x0000000008003cec                vListInsertEnd
 .text.vListInsert
                0x0000000008003d34       0x72 Middlewares/Third_Party/FreeRTOS/Source/list.o
                0x0000000008003d34                vListInsert
 .text.uxListRemove
                0x0000000008003da6       0x54 Middlewares/Third_Party/FreeRTOS/Source/list.o
                0x0000000008003da6                uxListRemove
 .text.xTaskCreateStatic
                0x0000000008003dfa       0xb4 Middlewares/Third_Party/FreeRTOS/Source/tasks.o
                0x0000000008003dfa                xTaskCreateStatic
 .text.xTaskCreate
                0x0000000008003eae       0x8a Middlewares/Third_Party/FreeRTOS/Source/tasks.o
                0x0000000008003eae                xTaskCreate
 .text.prvInitialiseNewTask
                0x0000000008003f38      0x10c Middlewares/Third_Party/FreeRTOS/Source/tasks.o
 .text.prvAddNewTaskToReadyList
                0x0000000008004044       0xd4 Middlewares/Third_Party/FreeRTOS/Source/tasks.o
 .text.vTaskDelay
                0x0000000008004118       0x68 Middlewares/Third_Party/FreeRTOS/Source/tasks.o
                0x0000000008004118                vTaskDelay
 .text.vTaskStartScheduler
                0x0000000008004180       0xbc Middlewares/Third_Party/FreeRTOS/Source/tasks.o
                0x0000000008004180                vTaskStartScheduler
 .text.vTaskSuspendAll
                0x000000000800423c       0x1c Middlewares/Third_Party/FreeRTOS/Source/tasks.o
                0x000000000800423c                vTaskSuspendAll
 .text.xTaskResumeAll
                0x0000000008004258      0x138 Middlewares/Third_Party/FreeRTOS/Source/tasks.o
                0x0000000008004258                xTaskResumeAll
 .text.xTaskIncrementTick
                0x0000000008004390      0x170 Middlewares/Third_Party/FreeRTOS/Source/tasks.o
                0x0000000008004390                xTaskIncrementTick
 .text.vTaskSwitchContext
                0x0000000008004500       0xb4 Middlewares/Third_Party/FreeRTOS/Source/tasks.o
                0x0000000008004500                vTaskSwitchContext
 .text.prvIdleTask
                0x00000000080045b4       0x30 Middlewares/Third_Party/FreeRTOS/Source/tasks.o
 .text.prvInitialiseTaskLists
                0x00000000080045e4       0x80 Middlewares/Third_Party/FreeRTOS/Source/tasks.o
 .text.prvCheckTasksWaitingTermination
                0x0000000008004664       0x58 Middlewares/Third_Party/FreeRTOS/Source/tasks.o
 .text.prvDeleteTCB
                0x00000000080046bc       0x5c Middlewares/Third_Party/FreeRTOS/Source/tasks.o
 .text.prvResetNextTaskUnblockTime
                0x0000000008004718       0x40 Middlewares/Third_Party/FreeRTOS/Source/tasks.o
 .text.prvAddCurrentTaskToDelayedList
                0x0000000008004758       0xcc Middlewares/Third_Party/FreeRTOS/Source/tasks.o
 .text.pxPortInitialiseStack
                0x0000000008004824       0x68 Middlewares/Third_Party/FreeRTOS/Source/portable/GCC/ARM_CM4F/port.o
                0x0000000008004824                pxPortInitialiseStack
 .text.prvTaskExitError
                0x000000000800488c       0x54 Middlewares/Third_Party/FreeRTOS/Source/portable/GCC/ARM_CM4F/port.o
 .text.SVC_Handler
                0x00000000080048e0       0x28 Middlewares/Third_Party/FreeRTOS/Source/portable/GCC/ARM_CM4F/port.o
                0x00000000080048e0                SVC_Handler
 .text.prvPortStartFirstTask
                0x0000000008004908       0x28 Middlewares/Third_Party/FreeRTOS/Source/portable/GCC/ARM_CM4F/port.o
 .text.xPortStartScheduler
                0x0000000008004930      0x13c Middlewares/Third_Party/FreeRTOS/Source/portable/GCC/ARM_CM4F/port.o
                0x0000000008004930                xPortStartScheduler
 .text.vPortEnterCritical
                0x0000000008004a6c       0x5c Middlewares/Third_Party/FreeRTOS/Source/portable/GCC/ARM_CM4F/port.o
                0x0000000008004a6c                vPortEnterCritical
 .text.vPortExitCritical
                0x0000000008004ac8       0x50 Middlewares/Third_Party/FreeRTOS/Source/portable/GCC/ARM_CM4F/port.o
                0x0000000008004ac8                vPortExitCritical
 *fill*         0x0000000008004b18        0x8 
 .text.PendSV_Handler
                0x0000000008004b20       0x68 Middlewares/Third_Party/FreeRTOS/Source/portable/GCC/ARM_CM4F/port.o
                0x0000000008004b20                PendSV_Handler
 .text.SysTick_Handler
                0x0000000008004b88       0x40 Middlewares/Third_Party/FreeRTOS/Source/portable/GCC/ARM_CM4F/port.o
                0x0000000008004b88                SysTick_Handler
 .text.vPortSetupTimerInterrupt
                0x0000000008004bc8       0x48 Middlewares/Third_Party/FreeRTOS/Source/portable/GCC/ARM_CM4F/port.o
                0x0000000008004bc8                vPortSetupTimerInterrupt
 .text.vPortEnableVFP
                0x0000000008004c10       0x14 Middlewares/Third_Party/FreeRTOS/Source/portable/GCC/ARM_CM4F/port.o
 .text.pvPortMalloc
                0x0000000008004c24      0x184 Middlewares/Third_Party/FreeRTOS/Source/portable/MemMang/heap_4.o
                0x0000000008004c24                pvPortMalloc
 .text.vPortFree
                0x0000000008004da8       0xb0 Middlewares/Third_Party/FreeRTOS/Source/portable/MemMang/heap_4.o
                0x0000000008004da8                vPortFree
 .text.prvHeapInit
                0x0000000008004e58       0xc4 Middlewares/Third_Party/FreeRTOS/Source/portable/MemMang/heap_4.o
 .text.prvInsertBlockIntoFreeList
                0x0000000008004f1c       0xb4 Middlewares/Third_Party/FreeRTOS/Source/portable/MemMang/heap_4.o
 .text.__libc_init_array
                0x0000000008004fd0       0x48 c:/essential programs/stm32cubeide_1.5.0/stm32cubeide/plugins/com.st.stm32cube.ide.mcu.externaltools.gnu-tools-for-stm32.7-2018-q2-update.win32_1.5.0.202011040924/tools/bin/../lib/gcc/arm-none-eabi/7.3.1/../../../../arm-none-eabi/lib/thumb/v7e-m/fpv4-sp/hard\libc_nano.a(lib_a-init.o)
                0x0000000008004fd0                __libc_init_array
 .text.memset   0x0000000008005018       0x10 c:/essential programs/stm32cubeide_1.5.0/stm32cubeide/plugins/com.st.stm32cube.ide.mcu.externaltools.gnu-tools-for-stm32.7-2018-q2-update.win32_1.5.0.202011040924/tools/bin/../lib/gcc/arm-none-eabi/7.3.1/../../../../arm-none-eabi/lib/thumb/v7e-m/fpv4-sp/hard\libc_nano.a(lib_a-memset.o)
                0x0000000008005018                memset
 *(.glue_7)
 .glue_7        0x0000000008005028        0x0 linker stubs
 *(.glue_7t)
 .glue_7t       0x0000000008005028        0x0 linker stubs
 *(.eh_frame)
 .eh_frame      0x0000000008005028        0x0 c:/essential programs/stm32cubeide_1.5.0/stm32cubeide/plugins/com.st.stm32cube.ide.mcu.externaltools.gnu-tools-for-stm32.7-2018-q2-update.win32_1.5.0.202011040924/tools/bin/../lib/gcc/arm-none-eabi/7.3.1/thumb/v7e-m/fpv4-sp/hard/crtbegin.o
 *(.init)
 .init          0x0000000008005028        0x4 c:/essential programs/stm32cubeide_1.5.0/stm32cubeide/plugins/com.st.stm32cube.ide.mcu.externaltools.gnu-tools-for-stm32.7-2018-q2-update.win32_1.5.0.202011040924/tools/bin/../lib/gcc/arm-none-eabi/7.3.1/thumb/v7e-m/fpv4-sp/hard/crti.o
                0x0000000008005028                _init
 .init          0x000000000800502c        0x8 c:/essential programs/stm32cubeide_1.5.0/stm32cubeide/plugins/com.st.stm32cube.ide.mcu.externaltools.gnu-tools-for-stm32.7-2018-q2-update.win32_1.5.0.202011040924/tools/bin/../lib/gcc/arm-none-eabi/7.3.1/thumb/v7e-m/fpv4-sp/hard/crtn.o
 *(.fini)
 .fini          0x0000000008005034        0x4 c:/essential programs/stm32cubeide_1.5.0/stm32cubeide/plugins/com.st.stm32cube.ide.mcu.externaltools.gnu-tools-for-stm32.7-2018-q2-update.win32_1.5.0.202011040924/tools/bin/../lib/gcc/arm-none-eabi/7.3.1/thumb/v7e-m/fpv4-sp/hard/crti.o
                0x0000000008005034                _fini
 .fini          0x0000000008005038        0x8 c:/essential programs/stm32cubeide_1.5.0/stm32cubeide/plugins/com.st.stm32cube.ide.mcu.externaltools.gnu-tools-for-stm32.7-2018-q2-update.win32_1.5.0.202011040924/tools/bin/../lib/gcc/arm-none-eabi/7.3.1/thumb/v7e-m/fpv4-sp/hard/crtn.o
                0x0000000008005040                . = ALIGN (0x4)
                0x0000000008005040                _etext = .

.vfp11_veneer   0x0000000008005040        0x0
 .vfp11_veneer  0x0000000008005040        0x0 linker stubs

.v4_bx          0x0000000008005040        0x0
 .v4_bx         0x0000000008005040        0x0 linker stubs

.iplt           0x0000000008005040        0x0
 .iplt          0x0000000008005040        0x0 c:/essential programs/stm32cubeide_1.5.0/stm32cubeide/plugins/com.st.stm32cube.ide.mcu.externaltools.gnu-tools-for-stm32.7-2018-q2-update.win32_1.5.0.202011040924/tools/bin/../lib/gcc/arm-none-eabi/7.3.1/thumb/v7e-m/fpv4-sp/hard/crtbegin.o

.rodata         0x0000000008005040       0xc0
                0x0000000008005040                . = ALIGN (0x4)
 *(.rodata)
 .rodata        0x0000000008005040       0xa0 Core/Src/main.o
 .rodata        0x00000000080050e0        0x5 Middlewares/Third_Party/FreeRTOS/Source/tasks.o
 *(.rodata*)
 *fill*         0x00000000080050e5        0x3 
 .rodata.AHBPrescTable
                0x00000000080050e8       0x10 Core/Src/system_stm32f4xx.o
                0x00000000080050e8                AHBPrescTable
 .rodata.APBPrescTable
                0x00000000080050f8        0x8 Core/Src/system_stm32f4xx.o
                0x00000000080050f8                APBPrescTable
                0x0000000008005100                . = ALIGN (0x4)

.ARM.extab      0x0000000008005100        0x0
                0x0000000008005100                . = ALIGN (0x4)
 *(.ARM.extab* .gnu.linkonce.armextab.*)
                0x0000000008005100                . = ALIGN (0x4)

.ARM            0x0000000008005100        0x8
                0x0000000008005100                . = ALIGN (0x4)
                0x0000000008005100                __exidx_start = .
 *(.ARM.exidx*)
 .ARM.exidx     0x0000000008005100        0x8 c:/essential programs/stm32cubeide_1.5.0/stm32cubeide/plugins/com.st.stm32cube.ide.mcu.externaltools.gnu-tools-for-stm32.7-2018-q2-update.win32_1.5.0.202011040924/tools/bin/../lib/gcc/arm-none-eabi/7.3.1/thumb/v7e-m/fpv4-sp/hard\libgcc.a(_udivmoddi4.o)
                0x0000000008005108                __exidx_end = .
                0x0000000008005108                . = ALIGN (0x4)

.rel.dyn        0x0000000008005108        0x0
 .rel.iplt      0x0000000008005108        0x0 c:/essential programs/stm32cubeide_1.5.0/stm32cubeide/plugins/com.st.stm32cube.ide.mcu.externaltools.gnu-tools-for-stm32.7-2018-q2-update.win32_1.5.0.202011040924/tools/bin/../lib/gcc/arm-none-eabi/7.3.1/thumb/v7e-m/fpv4-sp/hard/crtbegin.o

.preinit_array  0x0000000008005108        0x0
                0x0000000008005108                . = ALIGN (0x4)
                0x0000000008005108                PROVIDE (__preinit_array_start = .)
 *(.preinit_array*)
                0x0000000008005108                PROVIDE (__preinit_array_end = .)
                0x0000000008005108                . = ALIGN (0x4)

.init_array     0x0000000008005108        0x4
                0x0000000008005108                . = ALIGN (0x4)
                0x0000000008005108                PROVIDE (__init_array_start = .)
 *(SORT_BY_NAME(.init_array.*))
 *(.init_array*)
 .init_array    0x0000000008005108        0x4 c:/essential programs/stm32cubeide_1.5.0/stm32cubeide/plugins/com.st.stm32cube.ide.mcu.externaltools.gnu-tools-for-stm32.7-2018-q2-update.win32_1.5.0.202011040924/tools/bin/../lib/gcc/arm-none-eabi/7.3.1/thumb/v7e-m/fpv4-sp/hard/crtbegin.o
                0x000000000800510c                PROVIDE (__init_array_end = .)
                0x000000000800510c                . = ALIGN (0x4)

.fini_array     0x000000000800510c        0x4
                0x000000000800510c                . = ALIGN (0x4)
                [!provide]                        PROVIDE (__fini_array_start = .)
 *(SORT_BY_NAME(.fini_array.*))
 *(.fini_array*)
 .fini_array    0x000000000800510c        0x4 c:/essential programs/stm32cubeide_1.5.0/stm32cubeide/plugins/com.st.stm32cube.ide.mcu.externaltools.gnu-tools-for-stm32.7-2018-q2-update.win32_1.5.0.202011040924/tools/bin/../lib/gcc/arm-none-eabi/7.3.1/thumb/v7e-m/fpv4-sp/hard/crtbegin.o
                [!provide]                        PROVIDE (__fini_array_end = .)
                0x0000000008005110                . = ALIGN (0x4)
                0x0000000008005110                _sidata = LOADADDR (.data)

.data           0x0000000020000000       0x10 load address 0x0000000008005110
                0x0000000020000000                . = ALIGN (0x4)
                0x0000000020000000                _sdata = .
 *(.data)
 *(.data*)
 .data.SystemCoreClock
                0x0000000020000000        0x4 Core/Src/system_stm32f4xx.o
                0x0000000020000000                SystemCoreClock
 .data.uwTickPrio
                0x0000000020000004        0x4 Drivers/STM32F4xx_HAL_Driver/Src/stm32f4xx_hal.o
                0x0000000020000004                uwTickPrio
 .data.uwTickFreq
                0x0000000020000008        0x1 Drivers/STM32F4xx_HAL_Driver/Src/stm32f4xx_hal.o
                0x0000000020000008                uwTickFreq
 *fill*         0x0000000020000009        0x3 
 .data.uxCriticalNesting
                0x000000002000000c        0x4 Middlewares/Third_Party/FreeRTOS/Source/portable/GCC/ARM_CM4F/port.o
 *(.RamFunc)
 *(.RamFunc*)
                0x0000000020000010                . = ALIGN (0x4)
                0x0000000020000010                _edata = .

.igot.plt       0x0000000020000010        0x0 load address 0x0000000008005120
 .igot.plt      0x0000000020000010        0x0 c:/essential programs/stm32cubeide_1.5.0/stm32cubeide/plugins/com.st.stm32cube.ide.mcu.externaltools.gnu-tools-for-stm32.7-2018-q2-update.win32_1.5.0.202011040924/tools/bin/../lib/gcc/arm-none-eabi/7.3.1/thumb/v7e-m/fpv4-sp/hard/crtbegin.o
                0x0000000020000010                . = ALIGN (0x4)

.bss            0x0000000020000010     0x40e4 load address 0x0000000008005120
                0x0000000020000010                _sbss = .
                0x0000000020000010                __bss_start__ = _sbss
 *(.bss)
 .bss           0x0000000020000010       0x1c c:/essential programs/stm32cubeide_1.5.0/stm32cubeide/plugins/com.st.stm32cube.ide.mcu.externaltools.gnu-tools-for-stm32.7-2018-q2-update.win32_1.5.0.202011040924/tools/bin/../lib/gcc/arm-none-eabi/7.3.1/thumb/v7e-m/fpv4-sp/hard/crtbegin.o
 *(.bss*)
 .bss.xIdleTaskTCBBuffer
                0x000000002000002c       0x54 Core/Src/freertos.o
 .bss.xIdleStack
                0x0000000020000080      0x200 Core/Src/freertos.o
 .bss.HAL_RCC_CAN1_CLK_ENABLED
                0x0000000020000280        0x4 Core/Src/stm32f4xx_hal_msp.o
 .bss.pxCurrentTCB
                0x0000000020000284        0x4 Middlewares/Third_Party/FreeRTOS/Source/tasks.o
                0x0000000020000284                pxCurrentTCB
 .bss.pxReadyTasksLists
                0x0000000020000288       0x8c Middlewares/Third_Party/FreeRTOS/Source/tasks.o
 .bss.xDelayedTaskList1
                0x0000000020000314       0x14 Middlewares/Third_Party/FreeRTOS/Source/tasks.o
 .bss.xDelayedTaskList2
                0x0000000020000328       0x14 Middlewares/Third_Party/FreeRTOS/Source/tasks.o
 .bss.pxDelayedTaskList
                0x000000002000033c        0x4 Middlewares/Third_Party/FreeRTOS/Source/tasks.o
 .bss.pxOverflowDelayedTaskList
                0x0000000020000340        0x4 Middlewares/Third_Party/FreeRTOS/Source/tasks.o
 .bss.xPendingReadyList
                0x0000000020000344       0x14 Middlewares/Third_Party/FreeRTOS/Source/tasks.o
 .bss.xTasksWaitingTermination
                0x0000000020000358       0x14 Middlewares/Third_Party/FreeRTOS/Source/tasks.o
 .bss.uxDeletedTasksWaitingCleanUp
                0x000000002000036c        0x4 Middlewares/Third_Party/FreeRTOS/Source/tasks.o
 .bss.xSuspendedTaskList
                0x0000000020000370       0x14 Middlewares/Third_Party/FreeRTOS/Source/tasks.o
 .bss.uxCurrentNumberOfTasks
                0x0000000020000384        0x4 Middlewares/Third_Party/FreeRTOS/Source/tasks.o
 .bss.xTickCount
                0x0000000020000388        0x4 Middlewares/Third_Party/FreeRTOS/Source/tasks.o
 .bss.uxTopReadyPriority
                0x000000002000038c        0x4 Middlewares/Third_Party/FreeRTOS/Source/tasks.o
 .bss.xSchedulerRunning
                0x0000000020000390        0x4 Middlewares/Third_Party/FreeRTOS/Source/tasks.o
 .bss.uxPendedTicks
                0x0000000020000394        0x4 Middlewares/Third_Party/FreeRTOS/Source/tasks.o
 .bss.xYieldPending
                0x0000000020000398        0x4 Middlewares/Third_Party/FreeRTOS/Source/tasks.o
 .bss.xNumOfOverflows
                0x000000002000039c        0x4 Middlewares/Third_Party/FreeRTOS/Source/tasks.o
 .bss.uxTaskNumber
                0x00000000200003a0        0x4 Middlewares/Third_Party/FreeRTOS/Source/tasks.o
 .bss.xNextTaskUnblockTime
                0x00000000200003a4        0x4 Middlewares/Third_Party/FreeRTOS/Source/tasks.o
 .bss.xIdleTaskHandle
                0x00000000200003a8        0x4 Middlewares/Third_Party/FreeRTOS/Source/tasks.o
 .bss.uxSchedulerSuspended
                0x00000000200003ac        0x4 Middlewares/Third_Party/FreeRTOS/Source/tasks.o
 .bss.ucMaxSysCallPriority
                0x00000000200003b0        0x1 Middlewares/Third_Party/FreeRTOS/Source/portable/GCC/ARM_CM4F/port.o
 *fill*         0x00000000200003b1        0x3 
 .bss.ulMaxPRIGROUPValue
                0x00000000200003b4        0x4 Middlewares/Third_Party/FreeRTOS/Source/portable/GCC/ARM_CM4F/port.o
 .bss.ucHeap    0x00000000200003b8     0x3c00 Middlewares/Third_Party/FreeRTOS/Source/portable/MemMang/heap_4.o
 .bss.xStart    0x0000000020003fb8        0x8 Middlewares/Third_Party/FreeRTOS/Source/portable/MemMang/heap_4.o
 .bss.pxEnd     0x0000000020003fc0        0x4 Middlewares/Third_Party/FreeRTOS/Source/portable/MemMang/heap_4.o
 .bss.xFreeBytesRemaining
                0x0000000020003fc4        0x4 Middlewares/Third_Party/FreeRTOS/Source/portable/MemMang/heap_4.o
 .bss.xMinimumEverFreeBytesRemaining
                0x0000000020003fc8        0x4 Middlewares/Third_Party/FreeRTOS/Source/portable/MemMang/heap_4.o
 .bss.xBlockAllocatedBit
                0x0000000020003fcc        0x4 Middlewares/Third_Party/FreeRTOS/Source/portable/MemMang/heap_4.o
 *(COMMON)
 COMMON         0x0000000020003fd0       0xd0 Core/Src/Applications/Chassis_App.o
                0x0000000020003fd0                htim4
                0x0000000020004010                hcan2
                0x0000000020004038                hcan1
                0x0000000020004060                htim12
 COMMON         0x00000000200040a0       0x10 Core/Src/main.o
                0x00000000200040a0                defaultTaskHandle
                0x00000000200040a4                ChassisTaskHandle
                0x00000000200040a8                ShootTaskHandle
                0x00000000200040ac                GimbalTaskHandle
 COMMON         0x00000000200040b0       0x40 Core/Src/stm32f4xx_hal_timebase_tim.o
                0x00000000200040b0                htim5
 COMMON         0x00000000200040f0        0x4 Drivers/STM32F4xx_HAL_Driver/Src/stm32f4xx_hal.o
                0x00000000200040f0                uwTick
                0x00000000200040f4                . = ALIGN (0x4)
                0x00000000200040f4                _ebss = .
                0x00000000200040f4                __bss_end__ = _ebss

._user_heap_stack
                0x00000000200040f4      0x604 load address 0x0000000008005120
                0x00000000200040f8                . = ALIGN (0x8)
 *fill*         0x00000000200040f4        0x4 
                [!provide]                        PROVIDE (end = .)
                0x00000000200040f8                PROVIDE (_end = .)
                0x00000000200042f8                . = (. + _Min_Heap_Size)
 *fill*         0x00000000200040f8      0x200 
                0x00000000200046f8                . = (. + _Min_Stack_Size)
 *fill*         0x00000000200042f8      0x400 
                0x00000000200046f8                . = ALIGN (0x8)

/DISCARD/
 libc.a(*)
 libm.a(*)
 libgcc.a(*)

.ARM.attributes
                0x0000000000000000       0x30
 *(.ARM.attributes)
 .ARM.attributes
                0x0000000000000000       0x22 c:/essential programs/stm32cubeide_1.5.0/stm32cubeide/plugins/com.st.stm32cube.ide.mcu.externaltools.gnu-tools-for-stm32.7-2018-q2-update.win32_1.5.0.202011040924/tools/bin/../lib/gcc/arm-none-eabi/7.3.1/thumb/v7e-m/fpv4-sp/hard/crti.o
 .ARM.attributes
                0x0000000000000022       0x34 c:/essential programs/stm32cubeide_1.5.0/stm32cubeide/plugins/com.st.stm32cube.ide.mcu.externaltools.gnu-tools-for-stm32.7-2018-q2-update.win32_1.5.0.202011040924/tools/bin/../lib/gcc/arm-none-eabi/7.3.1/thumb/v7e-m/fpv4-sp/hard/crtbegin.o
 .ARM.attributes
                0x0000000000000056       0x39 Core/Src/Applications/Chassis_App.o
 .ARM.attributes
                0x000000000000008f       0x39 Core/Src/Applications/Gimbal_App.o
 .ARM.attributes
                0x00000000000000c8       0x39 Core/Src/Applications/Shoot_App.o
 .ARM.attributes
                0x0000000000000101       0x39 Core/Src/buzzer.o
 .ARM.attributes
                0x000000000000013a       0x39 Core/Src/freertos.o
 .ARM.attributes
                0x0000000000000173       0x39 Core/Src/main.o
 .ARM.attributes
                0x00000000000001ac       0x39 Core/Src/stm32f4xx_hal_msp.o
 .ARM.attributes
                0x00000000000001e5       0x39 Core/Src/stm32f4xx_hal_timebase_tim.o
 .ARM.attributes
                0x000000000000021e       0x39 Core/Src/stm32f4xx_it.o
 .ARM.attributes
                0x0000000000000257       0x39 Core/Src/system_stm32f4xx.o
 .ARM.attributes
                0x0000000000000290       0x21 Core/Startup/startup_stm32f427iihx.o
 .ARM.attributes
                0x00000000000002b1       0x39 Drivers/STM32F4xx_HAL_Driver/Src/stm32f4xx_hal.o
 .ARM.attributes
                0x00000000000002ea       0x39 Drivers/STM32F4xx_HAL_Driver/Src/stm32f4xx_hal_can.o
 .ARM.attributes
                0x0000000000000323       0x39 Drivers/STM32F4xx_HAL_Driver/Src/stm32f4xx_hal_cortex.o
 .ARM.attributes
                0x000000000000035c       0x39 Drivers/STM32F4xx_HAL_Driver/Src/stm32f4xx_hal_gpio.o
 .ARM.attributes
                0x0000000000000395       0x39 Drivers/STM32F4xx_HAL_Driver/Src/stm32f4xx_hal_rcc.o
 .ARM.attributes
                0x00000000000003ce       0x39 Drivers/STM32F4xx_HAL_Driver/Src/stm32f4xx_hal_tim.o
 .ARM.attributes
                0x0000000000000407       0x39 Drivers/STM32F4xx_HAL_Driver/Src/stm32f4xx_hal_tim_ex.o
 .ARM.attributes
                0x0000000000000440       0x39 Middlewares/Third_Party/FreeRTOS/Source/CMSIS_RTOS/cmsis_os.o
 .ARM.attributes
                0x0000000000000479       0x39 Middlewares/Third_Party/FreeRTOS/Source/list.o
 .ARM.attributes
                0x00000000000004b2       0x39 Middlewares/Third_Party/FreeRTOS/Source/tasks.o
 .ARM.attributes
                0x00000000000004eb       0x39 Middlewares/Third_Party/FreeRTOS/Source/portable/GCC/ARM_CM4F/port.o
 .ARM.attributes
                0x0000000000000524       0x39 Middlewares/Third_Party/FreeRTOS/Source/portable/MemMang/heap_4.o
 .ARM.attributes
                0x000000000000055d       0x34 c:/essential programs/stm32cubeide_1.5.0/stm32cubeide/plugins/com.st.stm32cube.ide.mcu.externaltools.gnu-tools-for-stm32.7-2018-q2-update.win32_1.5.0.202011040924/tools/bin/../lib/gcc/arm-none-eabi/7.3.1/../../../../arm-none-eabi/lib/thumb/v7e-m/fpv4-sp/hard\libc_nano.a(lib_a-init.o)
 .ARM.attributes
                0x0000000000000591       0x34 c:/essential programs/stm32cubeide_1.5.0/stm32cubeide/plugins/com.st.stm32cube.ide.mcu.externaltools.gnu-tools-for-stm32.7-2018-q2-update.win32_1.5.0.202011040924/tools/bin/../lib/gcc/arm-none-eabi/7.3.1/../../../../arm-none-eabi/lib/thumb/v7e-m/fpv4-sp/hard\libc_nano.a(lib_a-memset.o)
 .ARM.attributes
                0x00000000000005c5       0x22 c:/essential programs/stm32cubeide_1.5.0/stm32cubeide/plugins/com.st.stm32cube.ide.mcu.externaltools.gnu-tools-for-stm32.7-2018-q2-update.win32_1.5.0.202011040924/tools/bin/../lib/gcc/arm-none-eabi/7.3.1/thumb/v7e-m/fpv4-sp/hard\libgcc.a(_arm_addsubdf3.o)
 .ARM.attributes
                0x00000000000005e7       0x22 c:/essential programs/stm32cubeide_1.5.0/stm32cubeide/plugins/com.st.stm32cube.ide.mcu.externaltools.gnu-tools-for-stm32.7-2018-q2-update.win32_1.5.0.202011040924/tools/bin/../lib/gcc/arm-none-eabi/7.3.1/thumb/v7e-m/fpv4-sp/hard\libgcc.a(_arm_muldivdf3.o)
 .ARM.attributes
                0x0000000000000609       0x22 c:/essential programs/stm32cubeide_1.5.0/stm32cubeide/plugins/com.st.stm32cube.ide.mcu.externaltools.gnu-tools-for-stm32.7-2018-q2-update.win32_1.5.0.202011040924/tools/bin/../lib/gcc/arm-none-eabi/7.3.1/thumb/v7e-m/fpv4-sp/hard\libgcc.a(_arm_fixdfsi.o)
 .ARM.attributes
                0x000000000000062b       0x22 c:/essential programs/stm32cubeide_1.5.0/stm32cubeide/plugins/com.st.stm32cube.ide.mcu.externaltools.gnu-tools-for-stm32.7-2018-q2-update.win32_1.5.0.202011040924/tools/bin/../lib/gcc/arm-none-eabi/7.3.1/thumb/v7e-m/fpv4-sp/hard\libgcc.a(_aeabi_uldivmod.o)
 .ARM.attributes
                0x000000000000064d       0x34 c:/essential programs/stm32cubeide_1.5.0/stm32cubeide/plugins/com.st.stm32cube.ide.mcu.externaltools.gnu-tools-for-stm32.7-2018-q2-update.win32_1.5.0.202011040924/tools/bin/../lib/gcc/arm-none-eabi/7.3.1/thumb/v7e-m/fpv4-sp/hard\libgcc.a(_udivmoddi4.o)
 .ARM.attributes
                0x0000000000000681       0x22 c:/essential programs/stm32cubeide_1.5.0/stm32cubeide/plugins/com.st.stm32cube.ide.mcu.externaltools.gnu-tools-for-stm32.7-2018-q2-update.win32_1.5.0.202011040924/tools/bin/../lib/gcc/arm-none-eabi/7.3.1/thumb/v7e-m/fpv4-sp/hard\libgcc.a(_dvmd_tls.o)
 .ARM.attributes
                0x00000000000006a3       0x22 c:/essential programs/stm32cubeide_1.5.0/stm32cubeide/plugins/com.st.stm32cube.ide.mcu.externaltools.gnu-tools-for-stm32.7-2018-q2-update.win32_1.5.0.202011040924/tools/bin/../lib/gcc/arm-none-eabi/7.3.1/thumb/v7e-m/fpv4-sp/hard/crtn.o
OUTPUT(Sentry_uarm_2020_new_new.elf elf32-littlearm)

.debug_info     0x0000000000000000    0x1495c
 .debug_info    0x0000000000000000      0xb00 Core/Src/Applications/Chassis_App.o
 .debug_info    0x0000000000000b00      0xb1e Core/Src/Applications/Gimbal_App.o
 .debug_info    0x000000000000161e      0xb11 Core/Src/Applications/Shoot_App.o
 .debug_info    0x000000000000212f      0xd82 Core/Src/buzzer.o
 .debug_info    0x0000000000002eb1      0xbed Core/Src/freertos.o
 .debug_info    0x0000000000003a9e     0x1430 Core/Src/main.o
 .debug_info    0x0000000000004ece     0x115b Core/Src/stm32f4xx_hal_msp.o
 .debug_info    0x0000000000006029      0xb71 Core/Src/stm32f4xx_hal_timebase_tim.o
 .debug_info    0x0000000000006b9a      0xa9e Core/Src/stm32f4xx_it.o
 .debug_info    0x0000000000007638      0x56e Core/Src/system_stm32f4xx.o
 .debug_info    0x0000000000007ba6       0x22 Core/Startup/startup_stm32f427iihx.o
 .debug_info    0x0000000000007bc8      0x9ad Drivers/STM32F4xx_HAL_Driver/Src/stm32f4xx_hal.o
 .debug_info    0x0000000000008575      0xfae Drivers/STM32F4xx_HAL_Driver/Src/stm32f4xx_hal_can.o
 .debug_info    0x0000000000009523      0xe52 Drivers/STM32F4xx_HAL_Driver/Src/stm32f4xx_hal_cortex.o
 .debug_info    0x000000000000a375      0x7cf Drivers/STM32F4xx_HAL_Driver/Src/stm32f4xx_hal_gpio.o
 .debug_info    0x000000000000ab44      0x91e Drivers/STM32F4xx_HAL_Driver/Src/stm32f4xx_hal_rcc.o
 .debug_info    0x000000000000b462     0x24a9 Drivers/STM32F4xx_HAL_Driver/Src/stm32f4xx_hal_tim.o
 .debug_info    0x000000000000d90b     0x1157 Drivers/STM32F4xx_HAL_Driver/Src/stm32f4xx_hal_tim_ex.o
 .debug_info    0x000000000000ea62     0x1e7e Middlewares/Third_Party/FreeRTOS/Source/CMSIS_RTOS/cmsis_os.o
 .debug_info    0x00000000000108e0      0xacb Middlewares/Third_Party/FreeRTOS/Source/list.o
 .debug_info    0x00000000000113ab     0x2494 Middlewares/Third_Party/FreeRTOS/Source/tasks.o
 .debug_info    0x000000000001383f      0x533 Middlewares/Third_Party/FreeRTOS/Source/portable/GCC/ARM_CM4F/port.o
 .debug_info    0x0000000000013d72      0xbea Middlewares/Third_Party/FreeRTOS/Source/portable/MemMang/heap_4.o

.debug_abbrev   0x0000000000000000     0x2e61
 .debug_abbrev  0x0000000000000000      0x1a1 Core/Src/Applications/Chassis_App.o
 .debug_abbrev  0x00000000000001a1      0x1ca Core/Src/Applications/Gimbal_App.o
 .debug_abbrev  0x000000000000036b      0x1b9 Core/Src/Applications/Shoot_App.o
 .debug_abbrev  0x0000000000000524      0x1d4 Core/Src/buzzer.o
 .debug_abbrev  0x00000000000006f8      0x1bc Core/Src/freertos.o
 .debug_abbrev  0x00000000000008b4      0x292 Core/Src/main.o
 .debug_abbrev  0x0000000000000b46      0x234 Core/Src/stm32f4xx_hal_msp.o
 .debug_abbrev  0x0000000000000d7a      0x19d Core/Src/stm32f4xx_hal_timebase_tim.o
 .debug_abbrev  0x0000000000000f17      0x1a5 Core/Src/stm32f4xx_it.o
 .debug_abbrev  0x00000000000010bc      0x12b Core/Src/system_stm32f4xx.o
 .debug_abbrev  0x00000000000011e7       0x12 Core/Startup/startup_stm32f427iihx.o
 .debug_abbrev  0x00000000000011f9      0x1c7 Drivers/STM32F4xx_HAL_Driver/Src/stm32f4xx_hal.o
 .debug_abbrev  0x00000000000013c0      0x21d Drivers/STM32F4xx_HAL_Driver/Src/stm32f4xx_hal_can.o
 .debug_abbrev  0x00000000000015dd      0x2fa Drivers/STM32F4xx_HAL_Driver/Src/stm32f4xx_hal_cortex.o
 .debug_abbrev  0x00000000000018d7      0x1c9 Drivers/STM32F4xx_HAL_Driver/Src/stm32f4xx_hal_gpio.o
 .debug_abbrev  0x0000000000001aa0      0x245 Drivers/STM32F4xx_HAL_Driver/Src/stm32f4xx_hal_rcc.o
 .debug_abbrev  0x0000000000001ce5      0x230 Drivers/STM32F4xx_HAL_Driver/Src/stm32f4xx_hal_tim.o
 .debug_abbrev  0x0000000000001f15      0x21e Drivers/STM32F4xx_HAL_Driver/Src/stm32f4xx_hal_tim_ex.o
 .debug_abbrev  0x0000000000002133      0x379 Middlewares/Third_Party/FreeRTOS/Source/CMSIS_RTOS/cmsis_os.o
 .debug_abbrev  0x00000000000024ac      0x1cf Middlewares/Third_Party/FreeRTOS/Source/list.o
 .debug_abbrev  0x000000000000267b      0x338 Middlewares/Third_Party/FreeRTOS/Source/tasks.o
 .debug_abbrev  0x00000000000029b3      0x210 Middlewares/Third_Party/FreeRTOS/Source/portable/GCC/ARM_CM4F/port.o
 .debug_abbrev  0x0000000000002bc3      0x29e Middlewares/Third_Party/FreeRTOS/Source/portable/MemMang/heap_4.o

.debug_aranges  0x0000000000000000     0x1080
 .debug_aranges
                0x0000000000000000       0x20 Core/Src/Applications/Chassis_App.o
 .debug_aranges
                0x0000000000000020       0x20 Core/Src/Applications/Gimbal_App.o
 .debug_aranges
                0x0000000000000040       0x28 Core/Src/Applications/Shoot_App.o
 .debug_aranges
                0x0000000000000068       0xc0 Core/Src/buzzer.o
 .debug_aranges
                0x0000000000000128       0x20 Core/Src/freertos.o
 .debug_aranges
                0x0000000000000148       0x68 Core/Src/main.o
 .debug_aranges
                0x00000000000001b0       0x48 Core/Src/stm32f4xx_hal_msp.o
 .debug_aranges
                0x00000000000001f8       0x30 Core/Src/stm32f4xx_hal_timebase_tim.o
 .debug_aranges
                0x0000000000000228       0x50 Core/Src/stm32f4xx_it.o
 .debug_aranges
                0x0000000000000278       0x28 Core/Src/system_stm32f4xx.o
 .debug_aranges
                0x00000000000002a0       0x28 Core/Startup/startup_stm32f427iihx.o
 .debug_aranges
                0x00000000000002c8      0x100 Drivers/STM32F4xx_HAL_Driver/Src/stm32f4xx_hal.o
 .debug_aranges
                0x00000000000003c8      0x138 Drivers/STM32F4xx_HAL_Driver/Src/stm32f4xx_hal_can.o
 .debug_aranges
                0x0000000000000500      0x118 Drivers/STM32F4xx_HAL_Driver/Src/stm32f4xx_hal_cortex.o
 .debug_aranges
                0x0000000000000618       0x58 Drivers/STM32F4xx_HAL_Driver/Src/stm32f4xx_hal_gpio.o
 .debug_aranges
                0x0000000000000670       0x88 Drivers/STM32F4xx_HAL_Driver/Src/stm32f4xx_hal_rcc.o
 .debug_aranges
                0x00000000000006f8      0x3a8 Drivers/STM32F4xx_HAL_Driver/Src/stm32f4xx_hal_tim.o
 .debug_aranges
                0x0000000000000aa0      0x150 Drivers/STM32F4xx_HAL_Driver/Src/stm32f4xx_hal_tim_ex.o
 .debug_aranges
                0x0000000000000bf0      0x1d8 Middlewares/Third_Party/FreeRTOS/Source/CMSIS_RTOS/cmsis_os.o
 .debug_aranges
                0x0000000000000dc8       0x40 Middlewares/Third_Party/FreeRTOS/Source/list.o
 .debug_aranges
                0x0000000000000e08      0x1a8 Middlewares/Third_Party/FreeRTOS/Source/tasks.o
 .debug_aranges
                0x0000000000000fb0       0x80 Middlewares/Third_Party/FreeRTOS/Source/portable/GCC/ARM_CM4F/port.o
 .debug_aranges
                0x0000000000001030       0x50 Middlewares/Third_Party/FreeRTOS/Source/portable/MemMang/heap_4.o

.debug_ranges   0x0000000000000000      0xf18
 .debug_ranges  0x0000000000000000       0x10 Core/Src/Applications/Chassis_App.o
 .debug_ranges  0x0000000000000010       0x10 Core/Src/Applications/Gimbal_App.o
 .debug_ranges  0x0000000000000020       0x18 Core/Src/Applications/Shoot_App.o
 .debug_ranges  0x0000000000000038       0xb0 Core/Src/buzzer.o
 .debug_ranges  0x00000000000000e8       0x10 Core/Src/freertos.o
 .debug_ranges  0x00000000000000f8       0x58 Core/Src/main.o
 .debug_ranges  0x0000000000000150       0x38 Core/Src/stm32f4xx_hal_msp.o
 .debug_ranges  0x0000000000000188       0x20 Core/Src/stm32f4xx_hal_timebase_tim.o
 .debug_ranges  0x00000000000001a8       0x40 Core/Src/stm32f4xx_it.o
 .debug_ranges  0x00000000000001e8       0x18 Core/Src/system_stm32f4xx.o
 .debug_ranges  0x0000000000000200       0x20 Core/Startup/startup_stm32f427iihx.o
 .debug_ranges  0x0000000000000220       0xf0 Drivers/STM32F4xx_HAL_Driver/Src/stm32f4xx_hal.o
 .debug_ranges  0x0000000000000310      0x128 Drivers/STM32F4xx_HAL_Driver/Src/stm32f4xx_hal_can.o
 .debug_ranges  0x0000000000000438      0x108 Drivers/STM32F4xx_HAL_Driver/Src/stm32f4xx_hal_cortex.o
 .debug_ranges  0x0000000000000540       0x48 Drivers/STM32F4xx_HAL_Driver/Src/stm32f4xx_hal_gpio.o
 .debug_ranges  0x0000000000000588       0x78 Drivers/STM32F4xx_HAL_Driver/Src/stm32f4xx_hal_rcc.o
 .debug_ranges  0x0000000000000600      0x398 Drivers/STM32F4xx_HAL_Driver/Src/stm32f4xx_hal_tim.o
 .debug_ranges  0x0000000000000998      0x140 Drivers/STM32F4xx_HAL_Driver/Src/stm32f4xx_hal_tim_ex.o
 .debug_ranges  0x0000000000000ad8      0x1c8 Middlewares/Third_Party/FreeRTOS/Source/CMSIS_RTOS/cmsis_os.o
 .debug_ranges  0x0000000000000ca0       0x30 Middlewares/Third_Party/FreeRTOS/Source/list.o
 .debug_ranges  0x0000000000000cd0      0x198 Middlewares/Third_Party/FreeRTOS/Source/tasks.o
 .debug_ranges  0x0000000000000e68       0x70 Middlewares/Third_Party/FreeRTOS/Source/portable/GCC/ARM_CM4F/port.o
 .debug_ranges  0x0000000000000ed8       0x40 Middlewares/Third_Party/FreeRTOS/Source/portable/MemMang/heap_4.o

.debug_macro    0x0000000000000000    0x2471a
 .debug_macro   0x0000000000000000      0x29a Core/Src/Applications/Chassis_App.o
 .debug_macro   0x000000000000029a      0xa5a Core/Src/Applications/Chassis_App.o
 .debug_macro   0x0000000000000cf4      0x294 Core/Src/Applications/Chassis_App.o
 .debug_macro   0x0000000000000f88       0x2e Core/Src/Applications/Chassis_App.o
 .debug_macro   0x0000000000000fb6       0x28 Core/Src/Applications/Chassis_App.o
 .debug_macro   0x0000000000000fde       0x22 Core/Src/Applications/Chassis_App.o
 .debug_macro   0x0000000000001000       0x8e Core/Src/Applications/Chassis_App.o
 .debug_macro   0x000000000000108e       0x51 Core/Src/Applications/Chassis_App.o
 .debug_macro   0x00000000000010df       0xef Core/Src/Applications/Chassis_App.o
 .debug_macro   0x00000000000011ce       0x6a Core/Src/Applications/Chassis_App.o
 .debug_macro   0x0000000000001238      0x1df Core/Src/Applications/Chassis_App.o
 .debug_macro   0x0000000000001417       0x1c Core/Src/Applications/Chassis_App.o
 .debug_macro   0x0000000000001433       0x22 Core/Src/Applications/Chassis_App.o
 .debug_macro   0x0000000000001455       0xdf Core/Src/Applications/Chassis_App.o
 .debug_macro   0x0000000000001534     0x102d Core/Src/Applications/Chassis_App.o
 .debug_macro   0x0000000000002561      0x11f Core/Src/Applications/Chassis_App.o
 .debug_macro   0x0000000000002680    0x17859 Core/Src/Applications/Chassis_App.o
 .debug_macro   0x0000000000019ed9       0x43 Core/Src/Applications/Chassis_App.o
 .debug_macro   0x0000000000019f1c     0x36c9 Core/Src/Applications/Chassis_App.o
 .debug_macro   0x000000000001d5e5      0x174 Core/Src/Applications/Chassis_App.o
 .debug_macro   0x000000000001d759       0x5a Core/Src/Applications/Chassis_App.o
 .debug_macro   0x000000000001d7b3      0xc6d Core/Src/Applications/Chassis_App.o
 .debug_macro   0x000000000001e420      0x9fe Core/Src/Applications/Chassis_App.o
 .debug_macro   0x000000000001ee1e      0x117 Core/Src/Applications/Chassis_App.o
 .debug_macro   0x000000000001ef35      0x16f Core/Src/Applications/Chassis_App.o
 .debug_macro   0x000000000001f0a4       0x27 Core/Src/Applications/Chassis_App.o
 .debug_macro   0x000000000001f0cb      0x182 Core/Src/Applications/Chassis_App.o
 .debug_macro   0x000000000001f24d      0x287 Core/Src/Applications/Chassis_App.o
 .debug_macro   0x000000000001f4d4       0x5f Core/Src/Applications/Chassis_App.o
 .debug_macro   0x000000000001f533      0x236 Core/Src/Applications/Chassis_App.o
 .debug_macro   0x000000000001f769      0x40f Core/Src/Applications/Chassis_App.o
 .debug_macro   0x000000000001fb78      0x132 Core/Src/Applications/Chassis_App.o
 .debug_macro   0x000000000001fcaa      0x41d Core/Src/Applications/Chassis_App.o
 .debug_macro   0x00000000000200c7       0x2e Core/Src/Applications/Chassis_App.o
 .debug_macro   0x00000000000200f5      0x11a Core/Src/Applications/Chassis_App.o
 .debug_macro   0x000000000002020f       0xe2 Core/Src/Applications/Chassis_App.o
 .debug_macro   0x00000000000202f1       0x89 Core/Src/Applications/Chassis_App.o
 .debug_macro   0x000000000002037a      0x8a0 Core/Src/Applications/Chassis_App.o
 .debug_macro   0x0000000000020c1a       0x47 Core/Src/Applications/Chassis_App.o
 .debug_macro   0x0000000000020c61      0x134 Core/Src/Applications/Chassis_App.o
 .debug_macro   0x0000000000020d95       0x7c Core/Src/Applications/Chassis_App.o
 .debug_macro   0x0000000000020e11       0xea Core/Src/Applications/Chassis_App.o
 .debug_macro   0x0000000000020efb      0x15a Core/Src/Applications/Chassis_App.o
 .debug_macro   0x0000000000021055       0xde Core/Src/Applications/Chassis_App.o
 .debug_macro   0x0000000000021133       0x1c Core/Src/Applications/Chassis_App.o
 .debug_macro   0x000000000002114f       0x26 Core/Src/Applications/Chassis_App.o
 .debug_macro   0x0000000000021175      0x4e8 Core/Src/Applications/Chassis_App.o
 .debug_macro   0x000000000002165d       0xb5 Core/Src/Applications/Chassis_App.o
 .debug_macro   0x0000000000021712       0xaa Core/Src/Applications/Chassis_App.o
 .debug_macro   0x00000000000217bc       0x91 Core/Src/Applications/Chassis_App.o
 .debug_macro   0x000000000002184d       0x8d Core/Src/Applications/Chassis_App.o
 .debug_macro   0x00000000000218da       0x7e Core/Src/Applications/Chassis_App.o
 .debug_macro   0x0000000000021958       0x19 Core/Src/Applications/Chassis_App.o
 .debug_macro   0x0000000000021971       0xf2 Core/Src/Applications/Chassis_App.o
 .debug_macro   0x0000000000021a63      0x2a8 Core/Src/Applications/Gimbal_App.o
 .debug_macro   0x0000000000021d0b      0x29a Core/Src/Applications/Shoot_App.o
 .debug_macro   0x0000000000021fa5      0x29a Core/Src/buzzer.o
 .debug_macro   0x000000000002223f      0x245 Core/Src/freertos.o
 .debug_macro   0x0000000000022484       0xea Core/Src/freertos.o
 .debug_macro   0x000000000002256e      0x2cc Core/Src/main.o
 .debug_macro   0x000000000002283a      0x1dd Core/Src/stm32f4xx_hal_msp.o
 .debug_macro   0x0000000000022a17      0x1ce Core/Src/stm32f4xx_hal_timebase_tim.o
 .debug_macro   0x0000000000022be5      0x1e7 Core/Src/stm32f4xx_it.o
 .debug_macro   0x0000000000022dcc      0x1d4 Core/Src/system_stm32f4xx.o
 .debug_macro   0x0000000000022fa0      0x22e Drivers/STM32F4xx_HAL_Driver/Src/stm32f4xx_hal.o
 .debug_macro   0x00000000000231ce      0x1d6 Drivers/STM32F4xx_HAL_Driver/Src/stm32f4xx_hal_can.o
 .debug_macro   0x00000000000233a4      0x1ce Drivers/STM32F4xx_HAL_Driver/Src/stm32f4xx_hal_cortex.o
 .debug_macro   0x0000000000023572      0x204 Drivers/STM32F4xx_HAL_Driver/Src/stm32f4xx_hal_gpio.o
 .debug_macro   0x0000000000023776      0x1f2 Drivers/STM32F4xx_HAL_Driver/Src/stm32f4xx_hal_rcc.o
 .debug_macro   0x0000000000023968      0x1cf Drivers/STM32F4xx_HAL_Driver/Src/stm32f4xx_hal_tim.o
 .debug_macro   0x0000000000023b37      0x1ce Drivers/STM32F4xx_HAL_Driver/Src/stm32f4xx_hal_tim_ex.o
 .debug_macro   0x0000000000023d05      0x1f1 Middlewares/Third_Party/FreeRTOS/Source/CMSIS_RTOS/cmsis_os.o
 .debug_macro   0x0000000000023ef6       0x10 Middlewares/Third_Party/FreeRTOS/Source/CMSIS_RTOS/cmsis_os.o
 .debug_macro   0x0000000000023f06       0x20 Middlewares/Third_Party/FreeRTOS/Source/CMSIS_RTOS/cmsis_os.o
 .debug_macro   0x0000000000023f26       0xc7 Middlewares/Third_Party/FreeRTOS/Source/CMSIS_RTOS/cmsis_os.o
 .debug_macro   0x0000000000023fed      0x17a Middlewares/Third_Party/FreeRTOS/Source/list.o
 .debug_macro   0x0000000000024167      0x26c Middlewares/Third_Party/FreeRTOS/Source/tasks.o
 .debug_macro   0x00000000000243d3       0x10 Middlewares/Third_Party/FreeRTOS/Source/tasks.o
 .debug_macro   0x00000000000243e3      0x196 Middlewares/Third_Party/FreeRTOS/Source/portable/GCC/ARM_CM4F/port.o
 .debug_macro   0x0000000000024579      0x1a1 Middlewares/Third_Party/FreeRTOS/Source/portable/MemMang/heap_4.o

.debug_line     0x0000000000000000     0xe7a6
 .debug_line    0x0000000000000000      0x8cf Core/Src/Applications/Chassis_App.o
 .debug_line    0x00000000000008cf      0x8fb Core/Src/Applications/Gimbal_App.o
 .debug_line    0x00000000000011ca      0x8f2 Core/Src/Applications/Shoot_App.o
 .debug_line    0x0000000000001abc      0xa86 Core/Src/buzzer.o
 .debug_line    0x0000000000002542      0x829 Core/Src/freertos.o
 .debug_line    0x0000000000002d6b      0xa54 Core/Src/main.o
 .debug_line    0x00000000000037bf      0x7da Core/Src/stm32f4xx_hal_msp.o
 .debug_line    0x0000000000003f99      0x763 Core/Src/stm32f4xx_hal_timebase_tim.o
 .debug_line    0x00000000000046fc      0x7b5 Core/Src/stm32f4xx_it.o
 .debug_line    0x0000000000004eb1      0x74a Core/Src/system_stm32f4xx.o
 .debug_line    0x00000000000055fb       0x85 Core/Startup/startup_stm32f427iihx.o
 .debug_line    0x0000000000005680      0x958 Drivers/STM32F4xx_HAL_Driver/Src/stm32f4xx_hal.o
 .debug_line    0x0000000000005fd8      0xbdd Drivers/STM32F4xx_HAL_Driver/Src/stm32f4xx_hal_can.o
 .debug_line    0x0000000000006bb5      0xa58 Drivers/STM32F4xx_HAL_Driver/Src/stm32f4xx_hal_cortex.o
 .debug_line    0x000000000000760d      0x93b Drivers/STM32F4xx_HAL_Driver/Src/stm32f4xx_hal_gpio.o
 .debug_line    0x0000000000007f48      0x98c Drivers/STM32F4xx_HAL_Driver/Src/stm32f4xx_hal_rcc.o
 .debug_line    0x00000000000088d4     0x19ad Drivers/STM32F4xx_HAL_Driver/Src/stm32f4xx_hal_tim.o
 .debug_line    0x000000000000a281      0xd4a Drivers/STM32F4xx_HAL_Driver/Src/stm32f4xx_hal_tim_ex.o
 .debug_line    0x000000000000afcb      0xe06 Middlewares/Third_Party/FreeRTOS/Source/CMSIS_RTOS/cmsis_os.o
 .debug_line    0x000000000000bdd1      0x7b2 Middlewares/Third_Party/FreeRTOS/Source/list.o
 .debug_line    0x000000000000c583     0x1279 Middlewares/Third_Party/FreeRTOS/Source/tasks.o
 .debug_line    0x000000000000d7fc      0x712 Middlewares/Third_Party/FreeRTOS/Source/portable/GCC/ARM_CM4F/port.o
 .debug_line    0x000000000000df0e      0x898 Middlewares/Third_Party/FreeRTOS/Source/portable/MemMang/heap_4.o

.debug_str      0x0000000000000000    0xde14b
 .debug_str     0x0000000000000000    0xd5529 Core/Src/Applications/Chassis_App.o
                                      0xd585a (size before relaxing)
 .debug_str     0x00000000000d5529       0x95 Core/Src/Applications/Gimbal_App.o
                                      0xd5895 (size before relaxing)
 .debug_str     0x00000000000d55be       0x5f Core/Src/Applications/Shoot_App.o
                                      0xd585f (size before relaxing)
 .debug_str     0x00000000000d561d      0x194 Core/Src/buzzer.o
                                      0xd597f (size before relaxing)
 .debug_str     0x00000000000d57b1      0x144 Core/Src/freertos.o
                                      0xd3768 (size before relaxing)
 .debug_str     0x00000000000d58f5      0x590 Core/Src/main.o
                                      0xd5ee6 (size before relaxing)
 .debug_str     0x00000000000d5e85      0x5db Core/Src/stm32f4xx_hal_msp.o
                                      0xd0010 (size before relaxing)
 .debug_str     0x00000000000d6460       0xaa Core/Src/stm32f4xx_hal_timebase_tim.o
                                      0xcfc02 (size before relaxing)
 .debug_str     0x00000000000d650a       0xa2 Core/Src/stm32f4xx_it.o
                                      0xcf96f (size before relaxing)
 .debug_str     0x00000000000d65ac       0xc4 Core/Src/system_stm32f4xx.o
                                      0xcf23f (size before relaxing)
 .debug_str     0x00000000000d6670       0x36 Core/Startup/startup_stm32f427iihx.o
                                         0x5a (size before relaxing)
 .debug_str     0x00000000000d66a6      0x57d Drivers/STM32F4xx_HAL_Driver/Src/stm32f4xx_hal.o
                                      0xcfd94 (size before relaxing)
 .debug_str     0x00000000000d6c23      0x56e Drivers/STM32F4xx_HAL_Driver/Src/stm32f4xx_hal_can.o
                                      0xcf923 (size before relaxing)
 .debug_str     0x00000000000d7191      0x389 Drivers/STM32F4xx_HAL_Driver/Src/stm32f4xx_hal_cortex.o
                                      0xcfb35 (size before relaxing)
 .debug_str     0x00000000000d751a      0x20c Drivers/STM32F4xx_HAL_Driver/Src/stm32f4xx_hal_gpio.o
                                      0xcf47e (size before relaxing)
 .debug_str     0x00000000000d7726      0x24f Drivers/STM32F4xx_HAL_Driver/Src/stm32f4xx_hal_rcc.o
                                      0xcf62c (size before relaxing)
 .debug_str     0x00000000000d7975      0xcea Drivers/STM32F4xx_HAL_Driver/Src/stm32f4xx_hal_tim.o
                                      0xd0338 (size before relaxing)
 .debug_str     0x00000000000d865f      0x4a2 Drivers/STM32F4xx_HAL_Driver/Src/stm32f4xx_hal_tim_ex.o
                                      0xcfb38 (size before relaxing)
 .debug_str     0x00000000000d8b01     0x37d1 Middlewares/Third_Party/FreeRTOS/Source/CMSIS_RTOS/cmsis_os.o
                                       0xe122 (size before relaxing)
 .debug_str     0x00000000000dc2d2      0x219 Middlewares/Third_Party/FreeRTOS/Source/list.o
                                       0xa754 (size before relaxing)
 .debug_str     0x00000000000dc4eb     0x1203 Middlewares/Third_Party/FreeRTOS/Source/tasks.o
                                       0xc975 (size before relaxing)
 .debug_str     0x00000000000dd6ee      0x803 Middlewares/Third_Party/FreeRTOS/Source/portable/GCC/ARM_CM4F/port.o
                                       0x851d (size before relaxing)
 .debug_str     0x00000000000ddef1      0x25a Middlewares/Third_Party/FreeRTOS/Source/portable/MemMang/heap_4.o
                                       0xaf47 (size before relaxing)

.comment        0x0000000000000000       0x7b
 .comment       0x0000000000000000       0x7b Core/Src/Applications/Chassis_App.o
                                         0x7c (size before relaxing)
 .comment       0x000000000000007b       0x7c Core/Src/Applications/Gimbal_App.o
 .comment       0x000000000000007b       0x7c Core/Src/Applications/Shoot_App.o
 .comment       0x000000000000007b       0x7c Core/Src/buzzer.o
 .comment       0x000000000000007b       0x7c Core/Src/freertos.o
 .comment       0x000000000000007b       0x7c Core/Src/main.o
 .comment       0x000000000000007b       0x7c Core/Src/stm32f4xx_hal_msp.o
 .comment       0x000000000000007b       0x7c Core/Src/stm32f4xx_hal_timebase_tim.o
 .comment       0x000000000000007b       0x7c Core/Src/stm32f4xx_it.o
 .comment       0x000000000000007b       0x7c Core/Src/system_stm32f4xx.o
 .comment       0x000000000000007b       0x7c Drivers/STM32F4xx_HAL_Driver/Src/stm32f4xx_hal.o
 .comment       0x000000000000007b       0x7c Drivers/STM32F4xx_HAL_Driver/Src/stm32f4xx_hal_can.o
 .comment       0x000000000000007b       0x7c Drivers/STM32F4xx_HAL_Driver/Src/stm32f4xx_hal_cortex.o
 .comment       0x000000000000007b       0x7c Drivers/STM32F4xx_HAL_Driver/Src/stm32f4xx_hal_gpio.o
 .comment       0x000000000000007b       0x7c Drivers/STM32F4xx_HAL_Driver/Src/stm32f4xx_hal_rcc.o
 .comment       0x000000000000007b       0x7c Drivers/STM32F4xx_HAL_Driver/Src/stm32f4xx_hal_tim.o
 .comment       0x000000000000007b       0x7c Drivers/STM32F4xx_HAL_Driver/Src/stm32f4xx_hal_tim_ex.o
 .comment       0x000000000000007b       0x7c Middlewares/Third_Party/FreeRTOS/Source/CMSIS_RTOS/cmsis_os.o
 .comment       0x000000000000007b       0x7c Middlewares/Third_Party/FreeRTOS/Source/list.o
 .comment       0x000000000000007b       0x7c Middlewares/Third_Party/FreeRTOS/Source/tasks.o
 .comment       0x000000000000007b       0x7c Middlewares/Third_Party/FreeRTOS/Source/portable/GCC/ARM_CM4F/port.o
 .comment       0x000000000000007b       0x7c Middlewares/Third_Party/FreeRTOS/Source/portable/MemMang/heap_4.o

.debug_frame    0x0000000000000000     0x4428
 .debug_frame   0x0000000000000000       0x30 Core/Src/Applications/Chassis_App.o
 .debug_frame   0x0000000000000030       0x30 Core/Src/Applications/Gimbal_App.o
 .debug_frame   0x0000000000000060       0x4c Core/Src/Applications/Shoot_App.o
 .debug_frame   0x00000000000000ac      0x300 Core/Src/buzzer.o
 .debug_frame   0x00000000000003ac       0x38 Core/Src/freertos.o
 .debug_frame   0x00000000000003e4      0x158 Core/Src/main.o
 .debug_frame   0x000000000000053c       0xf0 Core/Src/stm32f4xx_hal_msp.o
 .debug_frame   0x000000000000062c       0x74 Core/Src/stm32f4xx_hal_timebase_tim.o
 .debug_frame   0x00000000000006a0       0xc4 Core/Src/stm32f4xx_it.o
 .debug_frame   0x0000000000000764       0x58 Core/Src/system_stm32f4xx.o
 .debug_frame   0x00000000000007bc      0x3b4 Drivers/STM32F4xx_HAL_Driver/Src/stm32f4xx_hal.o
 .debug_frame   0x0000000000000b70      0x5a0 Drivers/STM32F4xx_HAL_Driver/Src/stm32f4xx_hal_can.o
 .debug_frame   0x0000000000001110      0x498 Drivers/STM32F4xx_HAL_Driver/Src/stm32f4xx_hal_cortex.o
 .debug_frame   0x00000000000015a8      0x14c Drivers/STM32F4xx_HAL_Driver/Src/stm32f4xx_hal_gpio.o
 .debug_frame   0x00000000000016f4      0x1f0 Drivers/STM32F4xx_HAL_Driver/Src/stm32f4xx_hal_rcc.o
 .debug_frame   0x00000000000018e4     0x10f0 Drivers/STM32F4xx_HAL_Driver/Src/stm32f4xx_hal_tim.o
 .debug_frame   0x00000000000029d4      0x5c0 Drivers/STM32F4xx_HAL_Driver/Src/stm32f4xx_hal_tim_ex.o
 .debug_frame   0x0000000000002f94      0x80c Middlewares/Third_Party/FreeRTOS/Source/CMSIS_RTOS/cmsis_os.o
 .debug_frame   0x00000000000037a0       0xd8 Middlewares/Third_Party/FreeRTOS/Source/list.o
 .debug_frame   0x0000000000003878      0x734 Middlewares/Third_Party/FreeRTOS/Source/tasks.o
 .debug_frame   0x0000000000003fac      0x1a8 Middlewares/Third_Party/FreeRTOS/Source/portable/GCC/ARM_CM4F/port.o
 .debug_frame   0x0000000000004154      0x108 Middlewares/Third_Party/FreeRTOS/Source/portable/MemMang/heap_4.o
 .debug_frame   0x000000000000425c       0x2c c:/essential programs/stm32cubeide_1.5.0/stm32cubeide/plugins/com.st.stm32cube.ide.mcu.externaltools.gnu-tools-for-stm32.7-2018-q2-update.win32_1.5.0.202011040924/tools/bin/../lib/gcc/arm-none-eabi/7.3.1/../../../../arm-none-eabi/lib/thumb/v7e-m/fpv4-sp/hard\libc_nano.a(lib_a-init.o)
 .debug_frame   0x0000000000004288       0x20 c:/essential programs/stm32cubeide_1.5.0/stm32cubeide/plugins/com.st.stm32cube.ide.mcu.externaltools.gnu-tools-for-stm32.7-2018-q2-update.win32_1.5.0.202011040924/tools/bin/../lib/gcc/arm-none-eabi/7.3.1/../../../../arm-none-eabi/lib/thumb/v7e-m/fpv4-sp/hard\libc_nano.a(lib_a-memset.o)
 .debug_frame   0x00000000000042a8       0xac c:/essential programs/stm32cubeide_1.5.0/stm32cubeide/plugins/com.st.stm32cube.ide.mcu.externaltools.gnu-tools-for-stm32.7-2018-q2-update.win32_1.5.0.202011040924/tools/bin/../lib/gcc/arm-none-eabi/7.3.1/thumb/v7e-m/fpv4-sp/hard\libgcc.a(_arm_addsubdf3.o)
 .debug_frame   0x0000000000004354       0x50 c:/essential programs/stm32cubeide_1.5.0/stm32cubeide/plugins/com.st.stm32cube.ide.mcu.externaltools.gnu-tools-for-stm32.7-2018-q2-update.win32_1.5.0.202011040924/tools/bin/../lib/gcc/arm-none-eabi/7.3.1/thumb/v7e-m/fpv4-sp/hard\libgcc.a(_arm_muldivdf3.o)
 .debug_frame   0x00000000000043a4       0x24 c:/essential programs/stm32cubeide_1.5.0/stm32cubeide/plugins/com.st.stm32cube.ide.mcu.externaltools.gnu-tools-for-stm32.7-2018-q2-update.win32_1.5.0.202011040924/tools/bin/../lib/gcc/arm-none-eabi/7.3.1/thumb/v7e-m/fpv4-sp/hard\libgcc.a(_arm_fixdfsi.o)
 .debug_frame   0x00000000000043c8       0x2c c:/essential programs/stm32cubeide_1.5.0/stm32cubeide/plugins/com.st.stm32cube.ide.mcu.externaltools.gnu-tools-for-stm32.7-2018-q2-update.win32_1.5.0.202011040924/tools/bin/../lib/gcc/arm-none-eabi/7.3.1/thumb/v7e-m/fpv4-sp/hard\libgcc.a(_aeabi_uldivmod.o)
 .debug_frame   0x00000000000043f4       0x34 c:/essential programs/stm32cubeide_1.5.0/stm32cubeide/plugins/com.st.stm32cube.ide.mcu.externaltools.gnu-tools-for-stm32.7-2018-q2-update.win32_1.5.0.202011040924/tools/bin/../lib/gcc/arm-none-eabi/7.3.1/thumb/v7e-m/fpv4-sp/hard\libgcc.a(_udivmoddi4.o)
