buzzer.c:10:6:buzzer_init	8	static
buzzer.c:15:6:buzzer_play_c1	16	static
buzzer.c:24:6:buzzer_play_cs1	16	static
buzzer.c:33:6:buzzer_play_d1	16	static
buzzer.c:42:6:buzzer_play_ds1	16	static
buzzer.c:51:6:buzzer_play_e1	16	static
buzzer.c:60:6:buzzer_play_f1	16	static
buzzer.c:69:6:buzzer_play_fs1	16	static
buzzer.c:78:6:buzzer_play_g1	16	static
buzzer.c:88:6:buzzer_play_gs1	16	static
buzzer.c:97:6:buzzer_play_a1	16	static
buzzer.c:106:6:buzzer_play_as1	16	static
buzzer.c:115:6:buzzer_play_b1	16	static
buzzer.c:124:6:buzzer_play_c2	16	static
buzzer.c:133:6:buzzer_play_cs2	16	static
buzzer.c:142:6:buzzer_play_d2	16	static
buzzer.c:151:6:buzzer_play_ds2	16	static
buzzer.c:160:6:buzzer_play_e2	16	static
buzzer.c:169:6:buzzer_play_scale	16	static
buzzer.c:180:6:buzzer_play_chromatic	16	static
buzzer.c:196:6:buzzer_play_o_canada	64	static
