buzzer.c:13:6:buzzer_init	8	static
buzzer.c:18:6:buzzer_play_g0	16	static
buzzer.c:27:6:buzzer_play_c1	16	static
buzzer.c:37:6:buzzer_play_cs1	16	static
buzzer.c:46:6:buzzer_play_d1	16	static
buzzer.c:55:6:buzzer_play_ds1	16	static
buzzer.c:64:6:buzzer_play_e1	16	static
buzzer.c:73:6:buzzer_play_f1	16	static
buzzer.c:82:6:buzzer_play_fs1	16	static
buzzer.c:91:6:buzzer_play_g1	16	static
buzzer.c:101:6:buzzer_play_gs1	16	static
buzzer.c:110:6:buzzer_play_a1	16	static
buzzer.c:119:6:buzzer_play_as1	16	static
buzzer.c:128:6:buzzer_play_b1	16	static
buzzer.c:137:6:buzzer_play_c2	16	static
buzzer.c:146:6:buzzer_play_cs2	16	static
buzzer.c:155:6:buzzer_play_d2	16	static
buzzer.c:164:6:buzzer_play_ds2	16	static
buzzer.c:173:6:buzzer_play_e2	16	static
buzzer.c:182:6:buzzer_play_as2	16	static
buzzer.c:191:6:buzzer_play_g2	16	static
buzzer.c:200:6:buzzer_play_gs2	16	static
buzzer.c:209:6:buzzer_rest	16	static
buzzer.c:213:6:buzzer_play_scale	16	static
buzzer.c:224:6:buzzer_play_chromatic	16	static
buzzer.c:240:6:buzzer_play_o_canada	56	static
buzzer.c:266:6:buzzer_play_mario	56	static
buzzer.c:291:6:buzzer_play_ynk	56	static
